Component: ARM Compiler 5.06 update 4 (build 422) Tool: armlink [4d35d2]

==============================================================================

Section Cross References

    inv_mpu.o(.text) refers to i2c.o(.text) for Sensors_I2C_WriteRegister
    inv_mpu.o(.text) refers to log_stm32.o(.text) for _MLPrintLog
    inv_mpu.o(.text) refers to board-st_discovery.o(.text) for mdelay
    inv_mpu.o(.text) refers to inv_mpu.o(.data) for .data
    inv_mpu.o(.text) refers to ldiv.o(.text) for __aeabi_ldivmod
    inv_mpu.o(.text) refers to inv_mpu.o(.constdata) for .constdata
    inv_mpu.o(.text) refers to f2d.o(.text) for __aeabi_f2d
    inv_mpu.o(.text) refers to dflti.o(.text) for __aeabi_i2d
    inv_mpu.o(.text) refers to fabs.o(i.__hardfp_fabs) for __hardfp_fabs
    inv_mpu.o(.text) refers to cdrcmple.o(.text) for __aeabi_cdrcmple
    inv_mpu.o(.text) refers to memcmp.o(.text) for memcmp
    inv_mpu.o(.data) refers to inv_mpu.o(.constdata) for reg
    inv_mpu.o(.data) refers to inv_mpu.o(.constdata) for hw
    inv_mpu.o(.data) refers to inv_mpu.o(.constdata) for test
    inv_mpu_dmp_motion_driver.o(.text) refers to inv_mpu.o(.text) for mpu_load_firmware
    inv_mpu_dmp_motion_driver.o(.text) refers to inv_mpu_dmp_motion_driver.o(.constdata) for .constdata
    inv_mpu_dmp_motion_driver.o(.text) refers to inv_mpu_dmp_motion_driver.o(.bss) for .bss
    inv_mpu_dmp_motion_driver.o(.text) refers to memseta.o(.text) for __aeabi_memset
    inv_mpu_dmp_motion_driver.o(.text) refers to board-st_discovery.o(.text) for get_tick_count
    log_stm32.o(.text) refers to printfa.o(i.__0vsprintf) for vsprintf
    log_stm32.o(.text) refers to memseta.o(.text) for __aeabi_memclr4
    log_stm32.o(.text) refers to memmovea.o(.text) for __aeabi_memcpy
    log_stm32.o(.text) refers to uart.o(.text) for fputc
    empl_outputs.o(.text) refers to data_builder.o(.text) for inv_get_accel_set
    empl_outputs.o(.text) refers to ml_math_func.o(.text) for inv_q29_mult
    empl_outputs.o(.text) refers to atan2f.o(i.__hardfp_atan2f) for __hardfp_atan2f
    empl_outputs.o(.text) refers to sqrtf.o(i.__hardfp_sqrtf) for __hardfp_sqrtf
    empl_outputs.o(.text) refers to results_holder.o(.text) for inv_get_quaternion_set
    empl_outputs.o(.text) refers to memseta.o(.text) for __aeabi_memclr4
    empl_outputs.o(.text) refers to start_manager.o(.text) for inv_register_mpl_start_notification
    empl_outputs.o(.text) refers to empl_outputs.o(.bss) for .bss
    data_builder.o(.text) refers to memmovea.o(.text) for __aeabi_memcpy
    data_builder.o(.text) refers to results_holder.o(.text) for inv_set_compass_bias_found
    data_builder.o(.text) refers to memseta.o(.text) for __aeabi_memclr4
    data_builder.o(.text) refers to storage_manager.o(.text) for inv_register_load_store
    data_builder.o(.text) refers to ml_math_func.o(.text) for inv_q30_mult
    data_builder.o(.text) refers to memcmp.o(.text) for memcmp
    data_builder.o(.text) refers to message_layer.o(.text) for inv_set_message
    data_builder.o(.text) refers to data_builder.o(.bss) for .bss
    data_builder.o(.text) refers to log_stm32.o(.text) for _MLPrintLog
    data_builder.o(.text) refers to data_builder.o(.conststring) for .conststring
    hal_outputs.o(.text) refers to data_builder.o(.text) for inv_get_accel_set
    hal_outputs.o(.text) refers to results_holder.o(.text) for inv_get_gravity
    hal_outputs.o(.text) refers to ml_math_func.o(.text) for inv_calc_state_to_match_output
    hal_outputs.o(.text) refers to hal_outputs.o(.bss) for .bss
    hal_outputs.o(.text) refers to memseta.o(.text) for __aeabi_memclr4
    hal_outputs.o(.text) refers to start_manager.o(.text) for inv_register_mpl_start_notification
    hal_outputs.o(.text) refers to atan2f.o(i.__hardfp_atan2f) for __hardfp_atan2f
    hal_outputs.o(.text) refers to asinf.o(i.__hardfp_asinf) for __hardfp_asinf
    hal_outputs.o(.text) refers to hal_outputs.o(.data) for .data
    message_layer.o(.text) refers to message_layer.o(.data) for .data
    ml_math_func.o(.text) refers to atan2f.o(i.__hardfp_atan2f) for __hardfp_atan2f
    ml_math_func.o(.text) refers to ldiv.o(.text) for __aeabi_ldivmod
    ml_math_func.o(.text) refers to llsshr.o(.text) for __aeabi_lasr
    ml_math_func.o(.text) refers to dmul.o(.text) for __aeabi_dmul
    ml_math_func.o(.text) refers to dadd.o(.text) for __aeabi_dadd
    ml_math_func.o(.text) refers to cdrcmple.o(.text) for __aeabi_cdrcmple
    ml_math_func.o(.text) refers to sqrt.o(i.__hardfp_sqrt) for __hardfp_sqrt
    ml_math_func.o(.text) refers to ddiv.o(.text) for __aeabi_ddiv
    ml_math_func.o(.text) refers to dflti.o(.text) for __aeabi_i2d
    ml_math_func.o(.text) refers to dfixi.o(.text) for __aeabi_d2iz
    ml_math_func.o(.text) refers to cdcmple.o(.text) for __aeabi_cdcmple
    ml_math_func.o(.text) refers to acos.o(i.__hardfp_acos) for __hardfp_acos
    ml_math_func.o(.text) refers to ml_math_func.o(.constdata) for .constdata
[...]
    inv_execute_on_data                      0x080045a1   Thumb Code   118  data_builder.o(.text)
    inv_get_accel_set                        0x08004617   Thumb Code    34  data_builder.o(.text)
    inv_get_gyro_set                         0x08004639   Thumb Code    32  data_builder.o(.text)
    inv_get_gyro_set_raw                     0x08004659   Thumb Code    32  data_builder.o(.text)
    inv_get_gyro                             0x08004679   Thumb Code    12  data_builder.o(.text)
    inv_get_compass_set                      0x08004685   Thumb Code    46  data_builder.o(.text)
    inv_get_temp_set                         0x080046b3   Thumb Code    30  data_builder.o(.text)
    inv_get_gyro_accuracy                    0x080046d1   Thumb Code     6  data_builder.o(.text)
    inv_get_mag_accuracy                     0x080046d7   Thumb Code    20  data_builder.o(.text)
    inv_get_accel_accuracy                   0x080046eb   Thumb Code     6  data_builder.o(.text)
    inv_get_gyro_orient                      0x080046f1   Thumb Code    10  data_builder.o(.text)
    inv_get_accel_orient                     0x080046fb   Thumb Code    10  data_builder.o(.text)
    inv_get_compass_soft_iron_matrix_d       0x08004705   Thumb Code    24  data_builder.o(.text)
    inv_set_compass_soft_iron_matrix_d       0x0800471d   Thumb Code    52  data_builder.o(.text)
    inv_get_compass_soft_iron_matrix_f       0x08004751   Thumb Code    28  data_builder.o(.text)
    inv_set_compass_soft_iron_matrix_f       0x0800476d   Thumb Code    52  data_builder.o(.text)
    inv_get_compass_soft_iron_input_data     0x080047a1   Thumb Code    24  data_builder.o(.text)
    inv_enable_compass_soft_iron_matrix      0x080047b9   Thumb Code    10  data_builder.o(.text)
    inv_get_sensor_type_accelerometer        0x080047d5   Thumb Code    80  hal_outputs.o(.text)
    inv_get_sensor_type_linear_acceleration  0x08004825   Thumb Code   106  hal_outputs.o(.text)
    inv_get_sensor_type_gravity              0x0800488f   Thumb Code    88  hal_outputs.o(.text)
    inv_get_sensor_type_gyroscope            0x080048e7   Thumb Code    80  hal_outputs.o(.text)
    inv_get_sensor_type_gyroscope_raw        0x08004937   Thumb Code    80  hal_outputs.o(.text)
    inv_get_sensor_type_rotation_vector      0x08004987   Thumb Code   170  hal_outputs.o(.text)
    inv_get_sensor_type_magnetic_field       0x08004a31   Thumb Code    58  hal_outputs.o(.text)
    inv_get_sensor_type_orientation          0x08004a6b   Thumb Code    20  hal_outputs.o(.text)
    inv_generate_hal_outputs                 0x08004a7f   Thumb Code   374  hal_outputs.o(.text)
    inv_stop_hal_outputs                     0x08004bf5   Thumb Code     8  hal_outputs.o(.text)
    inv_start_hal_outputs                    0x08004bfd   Thumb Code    14  hal_outputs.o(.text)
    inv_init_hal_outputs                     0x08004c0b   Thumb Code    44  hal_outputs.o(.text)
    inv_enable_hal_outputs                   0x08004c37   Thumb Code    18  hal_outputs.o(.text)
    inv_disable_hal_outputs                  0x08004c49   Thumb Code    22  hal_outputs.o(.text)
    inv_set_message                          0x08004d91   Thumb Code    16  message_layer.o(.text)
    inv_get_message_level_0                  0x08004da1   Thumb Code    14  message_layer.o(.text)
    inv_sinf                                 0x08004db5   Thumb Code    38  ml_math_func.o(.text)
    inv_cosf                                 0x08004ddb   Thumb Code    40  ml_math_func.o(.text)
    inv_q30_mult                             0x08004e03   Thumb Code    12  ml_math_func.o(.text)
    inv_q_mult                               0x08004e0f   Thumb Code   176  ml_math_func.o(.text)
    inv_q_invert                             0x08004ebf   Thumb Code    24  ml_math_func.o(.text)
    inv_compass_angle                        0x08004ed7   Thumb Code   162  ml_math_func.o(.text)
    inv_get_gyro_sum_of_sqr                  0x08004f79   Thumb Code    26  ml_math_func.o(.text)
    inv_q29_mult                             0x08004f93   Thumb Code    12  ml_math_func.o(.text)
    inv_q30_div                              0x08004f9f   Thumb Code    22  ml_math_func.o(.text)
    inv_q_shift_mult                         0x08004fb5   Thumb Code    12  ml_math_func.o(.text)
    inv_q_add                                0x08004fc1   Thumb Code    36  ml_math_func.o(.text)
    inv_vector_normalize                     0x08004fe5   Thumb Code   200  ml_math_func.o(.text)
    inv_q_normalize                          0x080050ad   Thumb Code     4  ml_math_func.o(.text)
    quaternion_to_rotation_angle             0x080050b1   Thumb Code   140  ml_math_func.o(.text)
    inv_q_rotate                             0x0800513d   Thumb Code    62  ml_math_func.o(.text)
    inv_q_multf                              0x0800517b   Thumb Code   288  ml_math_func.o(.text)
    inv_q_addf                               0x0800529b   Thumb Code    66  ml_math_func.o(.text)
    inv_q_normalizef                         0x080052dd   Thumb Code   170  ml_math_func.o(.text)
    inv_q_norm4                              0x08005387   Thumb Code   126  ml_math_func.o(.text)
    inv_q_invertf                            0x08005405   Thumb Code    46  ml_math_func.o(.text)
    inv_quaternion_to_rotation               0x08005433   Thumb Code   218  ml_math_func.o(.text)
    inv_quaternion_to_rotation_vector        0x0800550d   Thumb Code    34  ml_math_func.o(.text)
    inv_int32_to_big8                        0x0800552f   Thumb Code    18  ml_math_func.o(.text)
    inv_big8_to_int32                        0x08005541   Thumb Code    14  ml_math_func.o(.text)
    inv_big8_to_int16                        0x0800554f   Thumb Code     8  ml_math_func.o(.text)
    inv_little8_to_int16                     0x08005557   Thumb Code     6  ml_math_func.o(.text)
    inv_int16_to_big8                        0x0800555d   Thumb Code    10  ml_math_func.o(.text)
    inv_matrix_det_inc                       0x08005567   Thumb Code    96  ml_math_func.o(.text)
    inv_matrix_det_incd                      0x080055c7   Thumb Code    94  ml_math_func.o(.text)
    inv_matrix_det                           0x08005625   Thumb Code   150  ml_math_func.o(.text)
    inv_matrix_detd                          0x080056bb   Thumb Code   218  ml_math_func.o(.text)
    inv_wrap_angle                           0x08005795   Thumb Code    36  ml_math_func.o(.text)
    inv_angle_diff                           0x080057b9   Thumb Code    66  ml_math_func.o(.text)
    inv_checksum                             0x080057fb   Thumb Code    28  ml_math_func.o(.text)
    inv_orientation_matrix_to_scalar         0x0800585f   Thumb Code    34  ml_math_func.o(.text)
    inv_convert_to_body                      0x08005881   Thumb Code    70  ml_math_func.o(.text)
    inv_convert_to_chip                      0x080058c7   Thumb Code    70  ml_math_func.o(.text)
    inv_convert_to_body_with_scale           0x0800590d   Thumb Code    92  ml_math_func.o(.text)
    inv_vector_norm                          0x08005969   Thumb Code    46  ml_math_func.o(.text)
    inv_init_biquad_filter                   0x08005997   Thumb Code    38  ml_math_func.o(.text)
    inv_calc_state_to_match_output           0x080059bd   Thumb Code    42  ml_math_func.o(.text)
    inv_biquad_filter_process                0x080059e7   Thumb Code    94  ml_math_func.o(.text)
    inv_get_cross_product_vec                0x08005a45   Thumb Code    86  ml_math_func.o(.text)
    mlMatrixVectorMult                       0x08005a9b   Thumb Code    52  ml_math_func.o(.text)
    inv_init_mpl                             0x08005af1   Thumb Code    94  mpl.o(.text)
    inv_get_version                          0x08005b4f   Thumb Code    10  mpl.o(.text)
    inv_start_mpl                            0x08005b59   Thumb Code    36  mpl.o(.text)
    inv_store_gaming_quaternion              0x08005bc9   Thumb Code    28  results_holder.o(.text)
    inv_set_compass_correction               0x08005be5   Thumb Code    28  results_holder.o(.text)
    inv_get_compass_correction               0x08005c01   Thumb Code    20  results_holder.o(.text)
    inv_get_large_mag_field                  0x08005c15   Thumb Code     6  results_holder.o(.text)
    inv_set_large_mag_field                  0x08005c1b   Thumb Code     6  results_holder.o(.text)
    inv_get_acc_state                        0x08005c21   Thumb Code     6  results_holder.o(.text)
    inv_set_acc_state                        0x08005c27   Thumb Code     6  results_holder.o(.text)
    inv_get_motion_state                     0x08005c2d   Thumb Code    12  results_holder.o(.text)
    inv_set_motion_state                     0x08005c39   Thumb Code    48  results_holder.o(.text)
    inv_set_local_field                      0x08005c69   Thumb Code    12  results_holder.o(.text)
    inv_get_local_field                      0x08005c75   Thumb Code    12  results_holder.o(.text)
    inv_set_mag_scale                        0x08005c81   Thumb Code    12  results_holder.o(.text)
    inv_get_mag_scale                        0x08005c8d   Thumb Code    12  results_holder.o(.text)
    inv_get_gravity                          0x08005c99   Thumb Code    80  results_holder.o(.text)
    inv_get_6axis_quaternion                 0x08005ce9   Thumb Code    16  results_holder.o(.text)
    inv_get_quaternion                       0x08005cf9   Thumb Code    48  results_holder.o(.text)
    inv_get_quaternion_float                 0x08005d29   Thumb Code    58  results_holder.o(.text)
    inv_get_quaternion_set                   0x08005d63   Thumb Code    56  results_holder.o(.text)
    inv_generate_results                     0x08005d9b   Thumb Code    10  results_holder.o(.text)
    inv_start_results_holder                 0x08005da5   Thumb Code    20  results_holder.o(.text)
    inv_init_results_holder                  0x08005db9   Thumb Code    40  results_holder.o(.text)
    inv_enable_results_holder                0x08005de1   Thumb Code    24  results_holder.o(.text)
    inv_got_accel_bias                       0x08005df9   Thumb Code     6  results_holder.o(.text)
    inv_set_accel_bias_found                 0x08005dff   Thumb Code     6  results_holder.o(.text)
    inv_got_compass_bias                     0x08005e05   Thumb Code     6  results_holder.o(.text)
    inv_set_compass_bias_found               0x08005e0b   Thumb Code     6  results_holder.o(.text)
    inv_set_compass_state                    0x08005e11   Thumb Code     6  results_holder.o(.text)
    inv_get_compass_state                    0x08005e17   Thumb Code     6  results_holder.o(.text)
    inv_set_compass_bias_error               0x08005e1d   Thumb Code    12  results_holder.o(.text)
    inv_get_compass_bias_error               0x08005e29   Thumb Code    12  results_holder.o(.text)
    inv_get_linear_accel                     0x08005e35   Thumb Code    58  results_holder.o(.text)
    inv_get_accel                            0x08005e6f   Thumb Code    20  results_holder.o(.text)
    inv_get_accel_float                      0x08005e83   Thumb Code    62  results_holder.o(.text)
    inv_get_gyro_float                       0x08005ec1   Thumb Code    64  results_holder.o(.text)
    inv_set_heading_confidence_interval      0x08005f01   Thumb Code     8  results_holder.o(.text)
    inv_get_heading_confidence_interval      0x08005f09   Thumb Code     8  results_holder.o(.text)
    inv_get_linear_accel_float               0x08005f11   Thumb Code    64  results_holder.o(.text)
    inv_init_start_manager                   0x08005f75   Thumb Code    14  start_manager.o(.text)
    inv_unregister_mpl_start_notification    0x08005f83   Thumb Code    66  start_manager.o(.text)
    inv_register_mpl_start_notification      0x08005fc5   Thumb Code    28  start_manager.o(.text)
    inv_execute_mpl_start_notification       0x08005fe1   Thumb Code    38  start_manager.o(.text)
    inv_init_storage_manager                 0x0800600d   Thumb Code    20  storage_manager.o(.text)
    inv_register_load_store                  0x08006021   Thumb Code   102  storage_manager.o(.text)
    inv_get_mpl_state_size                   0x08006087   Thumb Code    10  storage_manager.o(.text)
    inv_load_mpl_states                      0x08006091   Thumb Code   162  storage_manager.o(.text)
    inv_save_mpl_states                      0x08006133   Thumb Code   114  storage_manager.o(.text)
    board_init                               0x080061a9   Thumb Code    98  board-st_discovery.o(.text)
    mdelay                                   0x0800620b   Thumb Code    12  board-st_discovery.o(.text)
    get_tick_count                           0x08006217   Thumb Code    10  board-st_discovery.o(.text)
    TimingDelay_Decrement                    0x08006221   Thumb Code    16  board-st_discovery.o(.text)
    TimeStamp_Increment                      0x08006231   Thumb Code    10  board-st_discovery.o(.text)
    SysTick_Handler                          0x0800623b   Thumb Code    12  board-st_discovery.o(.text)
    NMI_Handler                              0x08006255   Thumb Code     2  stm32f4xx_it.o(.text)
    MemManage_Handler                        0x08006257   Thumb Code     2  stm32f4xx_it.o(.text)
    BusFault_Handler                         0x08006259   Thumb Code     2  stm32f4xx_it.o(.text)
    UsageFault_Handler                       0x0800625b   Thumb Code     2  stm32f4xx_it.o(.text)
    DebugMon_Handler                         0x0800625d   Thumb Code     2  stm32f4xx_it.o(.text)
    SVC_Handler                              0x0800625f   Thumb Code     2  stm32f4xx_it.o(.text)
    TIM4_IRQHandler                          0x08006261   Thumb Code    70  stm32f4xx_it.o(.text)
    EXTI1_IRQHandler                         0x080062a7   Thumb Code    16  stm32f4xx_it.o(.text)
    SystemInit                               0x08006363   Thumb Code    74  system_stm32f4xx.o(.text)
    SystemCoreClockUpdate                    0x080063ad   Thumb Code   108  system_stm32f4xx.o(.text)
    Reset_Handler                            0x0800643d   Thumb Code     8  startup_stm32f40xx.o(.text)
    HardFault_Handler                        0x08006447   Thumb Code     2  startup_stm32f40xx.o(.text)
    PendSV_Handler                           0x08006453   Thumb Code     2  startup_stm32f40xx.o(.text)
    ADC_IRQHandler                           0x08006457   Thumb Code     0  startup_stm32f40xx.o(.text)
    CAN1_RX0_IRQHandler                      0x08006457   Thumb Code     0  startup_stm32f40xx.o(.text)
    CAN1_RX1_IRQHandler                      0x08006457   Thumb Code     0  startup_stm32f40xx.o(.text)
    CAN1_SCE_IRQHandler                      0x08006457   Thumb Code     0  startup_stm32f40xx.o(.text)
    CAN1_TX_IRQHandler                       0x08006457   Thumb Code     0  startup_stm32f40xx.o(.text)
    CAN2_RX0_IRQHandler                      0x08006457   Thumb Code     0  startup_stm32f40xx.o(.text)
    CAN2_RX1_IRQHandler                      0x08006457   Thumb Code     0  startup_stm32f40xx.o(.text)
    CAN2_SCE_IRQHandler                      0x08006457   Thumb Code     0  startup_stm32f40xx.o(.text)
    CAN2_TX_IRQHandler                       0x08006457   Thumb Code     0  startup_stm32f40xx.o(.text)
    CRYP_IRQHandler                          0x08006457   Thumb Code     0  startup_stm32f40xx.o(.text)
    DCMI_IRQHandler                          0x08006457   Thumb Code     0  startup_stm32f40xx.o(.text)
    DMA1_Stream0_IRQHandler                  0x08006457   Thumb Code     0  startup_stm32f40xx.o(.text)
    DMA1_Stream1_IRQHandler                  0x08006457   Thumb Code     0  startup_stm32f40xx.o(.text)
    DMA1_Stream2_IRQHandler                  0x08006457   Thumb Code     0  startup_stm32f40xx.o(.text)
    DMA1_Stream3_IRQHandler                  0x08006457   Thumb Code     0  startup_stm32f40xx.o(.text)
    DMA1_Stream4_IRQHandler                  0x08006457   Thumb Code     0  startup_stm32f40xx.o(.text)
    DMA1_Stream5_IRQHandler                  0x08006457   Thumb Code     0  startup_stm32f40xx.o(.text)
    DMA1_Stream6_IRQHandler                  0x08006457   Thumb Code     0  startup_stm32f40xx.o(.text)
    DMA1_Stream7_IRQHandler                  0x08006457   Thumb Code     0  startup_stm32f40xx.o(.text)
    DMA2_Stream0_IRQHandler                  0x08006457   Thumb Code     0  startup_stm32f40xx.o(.text)
    DMA2_Stream1_IRQHandler                  0x08006457   Thumb Code     0  startup_stm32f40xx.o(.text)
    DMA2_Stream2_IRQHandler                  0x08006457   Thumb Code     0  startup_stm32f40xx.o(.text)
    DMA2_Stream3_IRQHandler                  0x08006457   Thumb Code     0  startup_stm32f40xx.o(.text)
    DMA2_Stream4_IRQHandler                  0x08006457   Thumb Code     0  startup_stm32f40xx.o(.text)
    DMA2_Stream5_IRQHandler                  0x08006457   Thumb Code     0  startup_stm32f40xx.o(.text)
    DMA2_Stream6_IRQHandler                  0x08006457   Thumb Code     0  startup_stm32f40xx.o(.text)
    DMA2_Stream7_IRQHandler                  0x08006457   Thumb Code     0  startup_stm32f40xx.o(.text)
    ETH_IRQHandler                           0x08006457   Thumb Code     0  startup_stm32f40xx.o(.text)
    ETH_WKUP_IRQHandler                      0x08006457   Thumb Code     0  startup_stm32f40xx.o(.text)
    EXTI0_IRQHandler                         0x08006457   Thumb Code     0  startup_stm32f40xx.o(.text)
    EXTI15_10_IRQHandler                     0x08006457   Thumb Code     0  startup_stm32f40xx.o(.text)
    EXTI2_IRQHandler                         0x08006457   Thumb Code     0  startup_stm32f40xx.o(.text)
    EXTI3_IRQHandler                         0x08006457   Thumb Code     0  startup_stm32f40xx.o(.text)
    EXTI4_IRQHandler                         0x08006457   Thumb Code     0  startup_stm32f40xx.o(.text)
    EXTI9_5_IRQHandler                       0x08006457   Thumb Code     0  startup_stm32f40xx.o(.text)
    FLASH_IRQHandler                         0x08006457   Thumb Code     0  startup_stm32f40xx.o(.text)
    FPU_IRQHandler                           0x08006457   Thumb Code     0  startup_stm32f40xx.o(.text)
    FSMC_IRQHandler                          0x08006457   Thumb Code     0  startup_stm32f40xx.o(.text)
    HASH_RNG_IRQHandler                      0x08006457   Thumb Code     0  startup_stm32f40xx.o(.text)
    I2C1_ER_IRQHandler                       0x08006457   Thumb Code     0  startup_stm32f40xx.o(.text)
    I2C1_EV_IRQHandler                       0x08006457   Thumb Code     0  startup_stm32f40xx.o(.text)
    I2C2_ER_IRQHandler                       0x08006457   Thumb Code     0  startup_stm32f40xx.o(.text)
    I2C2_EV_IRQHandler                       0x08006457   Thumb Code     0  startup_stm32f40xx.o(.text)
    I2C3_ER_IRQHandler                       0x08006457   Thumb Code     0  startup_stm32f40xx.o(.text)
    I2C3_EV_IRQHandler                       0x08006457   Thumb Code     0  startup_stm32f40xx.o(.text)
    OTG_FS_IRQHandler                        0x08006457   Thumb Code     0  startup_stm32f40xx.o(.text)
    OTG_FS_WKUP_IRQHandler                   0x08006457   Thumb Code     0  startup_stm32f40xx.o(.text)
    OTG_HS_EP1_IN_IRQHandler                 0x08006457   Thumb Code     0  startup_stm32f40xx.o(.text)
    OTG_HS_EP1_OUT_IRQHandler                0x08006457   Thumb Code     0  startup_stm32f40xx.o(.text)
    OTG_HS_IRQHandler                        0x08006457   Thumb Code     0  startup_stm32f40xx.o(.text)
    OTG_HS_WKUP_IRQHandler                   0x08006457   Thumb Code     0  startup_stm32f40xx.o(.text)
    PVD_IRQHandler                           0x08006457   Thumb Code     0  startup_stm32f40xx.o(.text)
    RCC_IRQHandler                           0x08006457   Thumb Code     0  startup_stm32f40xx.o(.text)
    RTC_Alarm_IRQHandler                     0x08006457   Thumb Code     0  startup_stm32f40xx.o(.text)
    RTC_WKUP_IRQHandler                      0x08006457   Thumb Code     0  startup_stm32f40xx.o(.text)
    SDIO_IRQHandler                          0x08006457   Thumb Code     0  startup_stm32f40xx.o(.text)
    SPI1_IRQHandler                          0x08006457   Thumb Code     0  startup_stm32f40xx.o(.text)
    SPI2_IRQHandler                          0x08006457   Thumb Code     0  startup_stm32f40xx.o(.text)
    SPI3_IRQHandler                          0x08006457   Thumb Code     0  startup_stm32f40xx.o(.text)
    TAMP_STAMP_IRQHandler                    0x08006457   Thumb Code     0  startup_stm32f40xx.o(.text)
    TIM1_BRK_TIM9_IRQHandler                 0x08006457   Thumb Code     0  startup_stm32f40xx.o(.text)
    TIM1_CC_IRQHandler                       0x08006457   Thumb Code     0  startup_stm32f40xx.o(.text)
    TIM1_TRG_COM_TIM11_IRQHandler            0x08006457   Thumb Code     0  startup_stm32f40xx.o(.text)
    TIM1_UP_TIM10_IRQHandler                 0x08006457   Thumb Code     0  startup_stm32f40xx.o(.text)
    TIM2_IRQHandler                          0x08006457   Thumb Code     0  startup_stm32f40xx.o(.text)
    TIM3_IRQHandler                          0x08006457   Thumb Code     0  startup_stm32f40xx.o(.text)
    TIM5_IRQHandler                          0x08006457   Thumb Code     0  startup_stm32f40xx.o(.text)
    TIM6_DAC_IRQHandler                      0x08006457   Thumb Code     0  startup_stm32f40xx.o(.text)
    TIM7_IRQHandler                          0x08006457   Thumb Code     0  startup_stm32f40xx.o(.text)
    TIM8_BRK_TIM12_IRQHandler                0x08006457   Thumb Code     0  startup_stm32f40xx.o(.text)
    TIM8_CC_IRQHandler                       0x08006457   Thumb Code     0  startup_stm32f40xx.o(.text)
    TIM8_TRG_COM_TIM14_IRQHandler            0x08006457   Thumb Code     0  startup_stm32f40xx.o(.text)
    TIM8_UP_TIM13_IRQHandler                 0x08006457   Thumb Code     0  startup_stm32f40xx.o(.text)
    UART4_IRQHandler                         0x08006457   Thumb Code     0  startup_stm32f40xx.o(.text)
    UART5_IRQHandler                         0x08006457   Thumb Code     0  startup_stm32f40xx.o(.text)
    USART1_IRQHandler                        0x08006457   Thumb Code     0  startup_stm32f40xx.o(.text)
    USART2_IRQHandler                        0x08006457   Thumb Code     0  startup_stm32f40xx.o(.text)
    USART3_IRQHandler                        0x08006457   Thumb Code     0  startup_stm32f40xx.o(.text)
    USART6_IRQHandler                        0x08006457   Thumb Code     0  startup_stm32f40xx.o(.text)
    WWDG_IRQHandler                          0x08006457   Thumb Code     0  startup_stm32f40xx.o(.text)
    GPIO_Config                              0x08006461   Thumb Code   108  gpio.o(.text)
    EnableInvInterrupt                       0x080064cd   Thumb Code    32  gpio.o(.text)
    DisableInvInterrupt                      0x080064ed   Thumb Code    36  gpio.o(.text)
    InvIntHandler                            0x08006511   Thumb Code     6  gpio.o(.text)
    I2cMaster_Init                           0x0800651d   Thumb Code   150  i2c.o(.text)
    ST_Sensors_I2C_WriteRegister             0x0800660d   Thumb Code   296  i2c.o(.text)
    Sensors_I2C_WriteRegister                0x08006735   Thumb Code    60  i2c.o(.text)
    ST_Sensors_I2C_ReadRegister              0x08006771   Thumb Code   912  i2c.o(.text)
    Sensors_I2C_ReadRegister                 0x08006b01   Thumb Code    58  i2c.o(.text)
    Set_I2C_Retry                            0x08006b3b   Thumb Code     6  i2c.o(.text)
    Get_I2C_Retry                            0x08006b41   Thumb Code     6  i2c.o(.text)
    USART_Config                             0x08006b51   Thumb Code   138  uart.o(.text)
    fputc                                    0x08006bdb   Thumb Code    30  uart.o(.text)
    NVIC_PriorityGroupConfig                 0x08006c01   Thumb Code    10  misc.o(.text)
    NVIC_Init                                0x08006c0b   Thumb Code    96  misc.o(.text)
    NVIC_SetVectorTable                      0x08006c6b   Thumb Code    14  misc.o(.text)
    NVIC_SystemLPConfig                      0x08006c79   Thumb Code    20  misc.o(.text)
    SysTick_CLKSourceConfig                  0x08006c8d   Thumb Code    24  misc.o(.text)
    EXTI_DeInit                              0x08006cb1   Thumb Code    28  stm32f4xx_exti.o(.text)
    EXTI_Init                                0x08006ccd   Thumb Code   108  stm32f4xx_exti.o(.text)
    EXTI_StructInit                          0x08006d39   Thumb Code    14  stm32f4xx_exti.o(.text)
    EXTI_GenerateSWInterrupt                 0x08006d47   Thumb Code    12  stm32f4xx_exti.o(.text)
    EXTI_GetFlagStatus                       0x08006d53   Thumb Code    18  stm32f4xx_exti.o(.text)
    EXTI_ClearFlag                           0x08006d65   Thumb Code     8  stm32f4xx_exti.o(.text)
    EXTI_GetITStatus                         0x08006d6d   Thumb Code    28  stm32f4xx_exti.o(.text)
    EXTI_ClearITPendingBit                   0x08006d89   Thumb Code     8  stm32f4xx_exti.o(.text)
    GPIO_DeInit                              0x08006d99   Thumb Code   192  stm32f4xx_gpio.o(.text)
    GPIO_Init                                0x08006e59   Thumb Code   162  stm32f4xx_gpio.o(.text)
    GPIO_StructInit                          0x08006efb   Thumb Code    18  stm32f4xx_gpio.o(.text)
    GPIO_PinLockConfig                       0x08006f0d   Thumb Code    24  stm32f4xx_gpio.o(.text)
    GPIO_ReadInputDataBit                    0x08006f25   Thumb Code    14  stm32f4xx_gpio.o(.text)
    GPIO_ReadInputData                       0x08006f33   Thumb Code     6  stm32f4xx_gpio.o(.text)
    GPIO_ReadOutputDataBit                   0x08006f39   Thumb Code    14  stm32f4xx_gpio.o(.text)
    GPIO_ReadOutputData                      0x08006f47   Thumb Code     6  stm32f4xx_gpio.o(.text)
    GPIO_SetBits                             0x08006f4d   Thumb Code     4  stm32f4xx_gpio.o(.text)
    GPIO_ResetBits                           0x08006f51   Thumb Code     4  stm32f4xx_gpio.o(.text)
    GPIO_WriteBit                            0x08006f55   Thumb Code    10  stm32f4xx_gpio.o(.text)
    GPIO_Write                               0x08006f5f   Thumb Code     4  stm32f4xx_gpio.o(.text)
    GPIO_ToggleBits                          0x08006f63   Thumb Code     8  stm32f4xx_gpio.o(.text)
    GPIO_PinAFConfig                         0x08006f6b   Thumb Code    32  stm32f4xx_gpio.o(.text)
    I2C_DeInit                               0x08006fb1   Thumb Code    56  stm32f4xx_i2c.o(.text)
    I2C_Init                                 0x08006fe9   Thumb Code   174  stm32f4xx_i2c.o(.text)
    I2C_StructInit                           0x08007097   Thumb Code    28  stm32f4xx_i2c.o(.text)
    I2C_Cmd                                  0x080070b3   Thumb Code    20  stm32f4xx_i2c.o(.text)
    I2C_GenerateSTART                        0x080070c7   Thumb Code    20  stm32f4xx_i2c.o(.text)
    I2C_GenerateSTOP                         0x080070db   Thumb Code    20  stm32f4xx_i2c.o(.text)
    I2C_Send7bitAddress                      0x080070ef   Thumb Code    16  stm32f4xx_i2c.o(.text)
    I2C_AcknowledgeConfig                    0x080070ff   Thumb Code    20  stm32f4xx_i2c.o(.text)
    I2C_OwnAddress2Config                    0x08007113   Thumb Code    16  stm32f4xx_i2c.o(.text)
    I2C_DualAddressCmd                       0x08007123   Thumb Code    20  stm32f4xx_i2c.o(.text)
    I2C_GeneralCallCmd                       0x08007137   Thumb Code    20  stm32f4xx_i2c.o(.text)
    I2C_SoftwareResetCmd                     0x0800714b   Thumb Code    20  stm32f4xx_i2c.o(.text)
    I2C_StretchClockCmd                      0x0800715f   Thumb Code    20  stm32f4xx_i2c.o(.text)
    I2C_FastModeDutyCycleConfig              0x08007173   Thumb Code    22  stm32f4xx_i2c.o(.text)
    I2C_NACKPositionConfig                   0x08007189   Thumb Code    22  stm32f4xx_i2c.o(.text)
    I2C_SMBusAlertConfig                     0x0800719f   Thumb Code    22  stm32f4xx_i2c.o(.text)
    I2C_ARPCmd                               0x080071b5   Thumb Code    20  stm32f4xx_i2c.o(.text)
    I2C_SendData                             0x080071c9   Thumb Code     4  stm32f4xx_i2c.o(.text)
    I2C_ReceiveData                          0x080071cd   Thumb Code     6  stm32f4xx_i2c.o(.text)
    I2C_TransmitPEC                          0x080071d3   Thumb Code    20  stm32f4xx_i2c.o(.text)
    I2C_PECPositionConfig                    0x080071e7   Thumb Code    22  stm32f4xx_i2c.o(.text)
    I2C_CalculatePEC                         0x080071fd   Thumb Code    20  stm32f4xx_i2c.o(.text)
    I2C_GetPEC                               0x08007211   Thumb Code     6  stm32f4xx_i2c.o(.text)
    I2C_DMACmd                               0x08007217   Thumb Code    20  stm32f4xx_i2c.o(.text)
    I2C_DMALastTransferCmd                   0x0800722b   Thumb Code    20  stm32f4xx_i2c.o(.text)
    I2C_ReadRegister                         0x0800723f   Thumb Code    10  stm32f4xx_i2c.o(.text)
    I2C_ITConfig                             0x08007249   Thumb Code    16  stm32f4xx_i2c.o(.text)
    I2C_CheckEvent                           0x08007259   Thumb Code    24  stm32f4xx_i2c.o(.text)
    I2C_GetLastEvent                         0x08007271   Thumb Code    14  stm32f4xx_i2c.o(.text)
    I2C_GetFlagStatus                        0x0800727f   Thumb Code    42  stm32f4xx_i2c.o(.text)
    I2C_ClearFlag                            0x080072a9   Thumb Code     6  stm32f4xx_i2c.o(.text)
    I2C_GetITStatus                          0x080072af   Thumb Code    36  stm32f4xx_i2c.o(.text)
    I2C_ClearITPendingBit                    0x080072d3   Thumb Code     6  stm32f4xx_i2c.o(.text)
    PWR_DeInit                               0x080072ed   Thumb Code    24  stm32f4xx_pwr.o(.text)
    PWR_BackupAccessCmd                      0x08007305   Thumb Code     6  stm32f4xx_pwr.o(.text)
    PWR_PVDLevelConfig                       0x0800730b   Thumb Code    14  stm32f4xx_pwr.o(.text)
    PWR_PVDCmd                               0x08007319   Thumb Code     6  stm32f4xx_pwr.o(.text)
    PWR_WakeUpPinCmd                         0x0800731f   Thumb Code     8  stm32f4xx_pwr.o(.text)
    PWR_BackupRegulatorCmd                   0x08007327   Thumb Code     8  stm32f4xx_pwr.o(.text)
    PWR_MainRegulatorModeConfig              0x0800732f   Thumb Code    22  stm32f4xx_pwr.o(.text)
    PWR_FlashPowerDownCmd                    0x08007345   Thumb Code     6  stm32f4xx_pwr.o(.text)
    PWR_EnterSTOPMode                        0x0800734b   Thumb Code    42  stm32f4xx_pwr.o(.text)
    PWR_EnterSTANDBYMode                     0x08007375   Thumb Code    32  stm32f4xx_pwr.o(.text)
    PWR_GetFlagStatus                        0x08007395   Thumb Code    16  stm32f4xx_pwr.o(.text)
    PWR_ClearFlag                            0x080073a5   Thumb Code    12  stm32f4xx_pwr.o(.text)
    RCC_DeInit                               0x080073bd   Thumb Code    48  stm32f4xx_rcc.o(.text)
    RCC_HSEConfig                            0x080073ed   Thumb Code    12  stm32f4xx_rcc.o(.text)
    RCC_GetFlagStatus                        0x080073f9   Thumb Code    46  stm32f4xx_rcc.o(.text)
    RCC_WaitForHSEStartUp                    0x08007427   Thumb Code    44  stm32f4xx_rcc.o(.text)
    RCC_AdjustHSICalibrationValue            0x08007453   Thumb Code    16  stm32f4xx_rcc.o(.text)
    RCC_HSICmd                               0x08007463   Thumb Code     6  stm32f4xx_rcc.o(.text)
    RCC_LSEConfig                            0x08007469   Thumb Code    24  stm32f4xx_rcc.o(.text)
    RCC_LSICmd                               0x08007481   Thumb Code     6  stm32f4xx_rcc.o(.text)
    RCC_PLLConfig                            0x08007487   Thumb Code    32  stm32f4xx_rcc.o(.text)
    RCC_PLLCmd                               0x080074a7   Thumb Code     6  stm32f4xx_rcc.o(.text)
    RCC_PLLI2SConfig                         0x080074ad   Thumb Code    14  stm32f4xx_rcc.o(.text)
    RCC_PLLI2SCmd                            0x080074bb   Thumb Code     6  stm32f4xx_rcc.o(.text)
    RCC_ClockSecuritySystemCmd               0x080074c1   Thumb Code     6  stm32f4xx_rcc.o(.text)
    RCC_MCO1Config                           0x080074c7   Thumb Code    18  stm32f4xx_rcc.o(.text)
    RCC_MCO2Config                           0x080074d9   Thumb Code    18  stm32f4xx_rcc.o(.text)
    RCC_SYSCLKConfig                         0x080074eb   Thumb Code    16  stm32f4xx_rcc.o(.text)
    RCC_GetSYSCLKSource                      0x080074fb   Thumb Code    12  stm32f4xx_rcc.o(.text)
    RCC_HCLKConfig                           0x08007507   Thumb Code    16  stm32f4xx_rcc.o(.text)
    RCC_PCLK1Config                          0x08007517   Thumb Code    16  stm32f4xx_rcc.o(.text)
    RCC_PCLK2Config                          0x08007527   Thumb Code    18  stm32f4xx_rcc.o(.text)
    RCC_GetClocksFreq                        0x08007539   Thumb Code   134  stm32f4xx_rcc.o(.text)
    RCC_RTCCLKConfig                         0x080075bf   Thumb Code    42  stm32f4xx_rcc.o(.text)
    RCC_RTCCLKCmd                            0x080075e9   Thumb Code     8  stm32f4xx_rcc.o(.text)
    RCC_BackupResetCmd                       0x080075f1   Thumb Code     8  stm32f4xx_rcc.o(.text)
    RCC_I2SCLKConfig                         0x080075f9   Thumb Code     8  stm32f4xx_rcc.o(.text)
    RCC_AHB1PeriphClockCmd                   0x08007601   Thumb Code    20  stm32f4xx_rcc.o(.text)
    RCC_AHB2PeriphClockCmd                   0x08007615   Thumb Code    20  stm32f4xx_rcc.o(.text)
    RCC_AHB3PeriphClockCmd                   0x08007629   Thumb Code    20  stm32f4xx_rcc.o(.text)
    RCC_APB1PeriphClockCmd                   0x0800763d   Thumb Code    20  stm32f4xx_rcc.o(.text)
    RCC_APB2PeriphClockCmd                   0x08007651   Thumb Code    20  stm32f4xx_rcc.o(.text)
    RCC_AHB1PeriphResetCmd                   0x08007665   Thumb Code    20  stm32f4xx_rcc.o(.text)
    RCC_AHB2PeriphResetCmd                   0x08007679   Thumb Code    20  stm32f4xx_rcc.o(.text)
    RCC_AHB3PeriphResetCmd                   0x0800768d   Thumb Code    20  stm32f4xx_rcc.o(.text)
    RCC_APB1PeriphResetCmd                   0x080076a1   Thumb Code    20  stm32f4xx_rcc.o(.text)
    RCC_APB2PeriphResetCmd                   0x080076b5   Thumb Code    20  stm32f4xx_rcc.o(.text)
    RCC_AHB1PeriphClockLPModeCmd             0x080076c9   Thumb Code    20  stm32f4xx_rcc.o(.text)
    RCC_AHB2PeriphClockLPModeCmd             0x080076dd   Thumb Code    20  stm32f4xx_rcc.o(.text)
    RCC_AHB3PeriphClockLPModeCmd             0x080076f1   Thumb Code    20  stm32f4xx_rcc.o(.text)
    RCC_APB1PeriphClockLPModeCmd             0x08007705   Thumb Code    20  stm32f4xx_rcc.o(.text)
    RCC_APB2PeriphClockLPModeCmd             0x08007719   Thumb Code    20  stm32f4xx_rcc.o(.text)
    RCC_ITConfig                             0x0800772d   Thumb Code    20  stm32f4xx_rcc.o(.text)
    RCC_ClearFlag                            0x08007741   Thumb Code    14  stm32f4xx_rcc.o(.text)
    RCC_GetITStatus                          0x0800774f   Thumb Code    18  stm32f4xx_rcc.o(.text)
    RCC_ClearITPendingBit                    0x08007761   Thumb Code     8  stm32f4xx_rcc.o(.text)
    SYSCFG_DeInit                            0x0800778d   Thumb Code    24  stm32f4xx_syscfg.o(.text)
    SYSCFG_MemoryRemapConfig                 0x080077a5   Thumb Code     6  stm32f4xx_syscfg.o(.text)
    SYSCFG_EXTILineConfig                    0x080077ab   Thumb Code    42  stm32f4xx_syscfg.o(.text)
    SYSCFG_ETH_MediaInterfaceConfig          0x080077d5   Thumb Code     8  stm32f4xx_syscfg.o(.text)
    SYSCFG_CompensationCellCmd               0x080077dd   Thumb Code     6  stm32f4xx_syscfg.o(.text)
    SYSCFG_GetCompensationCellStatus         0x080077e3   Thumb Code    16  stm32f4xx_syscfg.o(.text)
    TIM_DeInit                               0x08007805   Thumb Code   284  stm32f4xx_tim.o(.text)
    TIM_TimeBaseInit                         0x08007921   Thumb Code    96  stm32f4xx_tim.o(.text)
    TIM_TimeBaseStructInit                   0x08007981   Thumb Code    18  stm32f4xx_tim.o(.text)
    TIM_PrescalerConfig                      0x08007993   Thumb Code     6  stm32f4xx_tim.o(.text)
    TIM_CounterModeConfig                    0x08007999   Thumb Code    12  stm32f4xx_tim.o(.text)
    TIM_SetCounter                           0x080079a5   Thumb Code     4  stm32f4xx_tim.o(.text)
    TIM_SetAutoreload                        0x080079a9   Thumb Code     4  stm32f4xx_tim.o(.text)
    TIM_GetCounter                           0x080079ad   Thumb Code     4  stm32f4xx_tim.o(.text)
    TIM_GetPrescaler                         0x080079b1   Thumb Code     4  stm32f4xx_tim.o(.text)
    TIM_UpdateDisableConfig                  0x080079b5   Thumb Code    20  stm32f4xx_tim.o(.text)
    TIM_UpdateRequestConfig                  0x080079c9   Thumb Code    20  stm32f4xx_tim.o(.text)
    TIM_ARRPreloadConfig                     0x080079dd   Thumb Code    20  stm32f4xx_tim.o(.text)
    TIM_SelectOnePulseMode                   0x080079f1   Thumb Code    16  stm32f4xx_tim.o(.text)
    TIM_SetClockDivision                     0x08007a01   Thumb Code    16  stm32f4xx_tim.o(.text)
    TIM_Cmd                                  0x08007a11   Thumb Code    20  stm32f4xx_tim.o(.text)
    TIM_OC1Init                              0x08007a25   Thumb Code    88  stm32f4xx_tim.o(.text)
    TIM_OC2Init                              0x08007a7d   Thumb Code   120  stm32f4xx_tim.o(.text)
    TIM_OC3Init                              0x08007af5   Thumb Code   116  stm32f4xx_tim.o(.text)
    TIM_OC4Init                              0x08007b69   Thumb Code    88  stm32f4xx_tim.o(.text)
    TIM_OCStructInit                         0x08007bc1   Thumb Code    20  stm32f4xx_tim.o(.text)
    TIM_SelectOCxM                           0x08007bd5   Thumb Code   130  stm32f4xx_tim.o(.text)
    TIM_SetCompare1                          0x08007c57   Thumb Code     4  stm32f4xx_tim.o(.text)
    TIM_SetCompare2                          0x08007c5b   Thumb Code     4  stm32f4xx_tim.o(.text)
    TIM_SetCompare3                          0x08007c5f   Thumb Code     4  stm32f4xx_tim.o(.text)
    TIM_SetCompare4                          0x08007c63   Thumb Code     4  stm32f4xx_tim.o(.text)
    TIM_ForcedOC1Config                      0x08007c67   Thumb Code    12  stm32f4xx_tim.o(.text)
    TIM_ForcedOC2Config                      0x08007c73   Thumb Code    20  stm32f4xx_tim.o(.text)
    TIM_ForcedOC3Config                      0x08007c87   Thumb Code    12  stm32f4xx_tim.o(.text)
    TIM_ForcedOC4Config                      0x08007c93   Thumb Code    20  stm32f4xx_tim.o(.text)
    TIM_OC1PreloadConfig                     0x08007ca7   Thumb Code    12  stm32f4xx_tim.o(.text)
    TIM_OC2PreloadConfig                     0x08007cb3   Thumb Code    20  stm32f4xx_tim.o(.text)
    TIM_OC3PreloadConfig                     0x08007cc7   Thumb Code    12  stm32f4xx_tim.o(.text)
    TIM_OC4PreloadConfig                     0x08007cd3   Thumb Code    20  stm32f4xx_tim.o(.text)
    TIM_OC1FastConfig                        0x08007ce7   Thumb Code    12  stm32f4xx_tim.o(.text)
    TIM_OC2FastConfig                        0x08007cf3   Thumb Code    20  stm32f4xx_tim.o(.text)
    TIM_OC3FastConfig                        0x08007d07   Thumb Code    12  stm32f4xx_tim.o(.text)
    TIM_OC4FastConfig                        0x08007d13   Thumb Code    20  stm32f4xx_tim.o(.text)
    TIM_ClearOC1Ref                          0x08007d27   Thumb Code    12  stm32f4xx_tim.o(.text)
    TIM_ClearOC2Ref                          0x08007d33   Thumb Code    20  stm32f4xx_tim.o(.text)
    TIM_ClearOC3Ref                          0x08007d47   Thumb Code    12  stm32f4xx_tim.o(.text)
    TIM_ClearOC4Ref                          0x08007d53   Thumb Code    20  stm32f4xx_tim.o(.text)
    TIM_OC1PolarityConfig                    0x08007d67   Thumb Code    12  stm32f4xx_tim.o(.text)
    TIM_OC1NPolarityConfig                   0x08007d73   Thumb Code    12  stm32f4xx_tim.o(.text)
    TIM_OC2PolarityConfig                    0x08007d7f   Thumb Code    20  stm32f4xx_tim.o(.text)
    TIM_OC2NPolarityConfig                   0x08007d93   Thumb Code    20  stm32f4xx_tim.o(.text)
    TIM_OC3PolarityConfig                    0x08007da7   Thumb Code    20  stm32f4xx_tim.o(.text)
    TIM_OC3NPolarityConfig                   0x08007dbb   Thumb Code    20  stm32f4xx_tim.o(.text)
    TIM_OC4PolarityConfig                    0x08007dcf   Thumb Code    20  stm32f4xx_tim.o(.text)
    TIM_CCxCmd                               0x08007de3   Thumb Code    22  stm32f4xx_tim.o(.text)
    TIM_CCxNCmd                              0x08007df9   Thumb Code    22  stm32f4xx_tim.o(.text)
    TIM_SetIC4Prescaler                      0x08007e0f   Thumb Code    24  stm32f4xx_tim.o(.text)
    TIM_SetIC3Prescaler                      0x08007e27   Thumb Code    16  stm32f4xx_tim.o(.text)
    TIM_SetIC2Prescaler                      0x08007e37   Thumb Code    24  stm32f4xx_tim.o(.text)
    TIM_SetIC1Prescaler                      0x08007e85   Thumb Code    16  stm32f4xx_tim.o(.text)
    TIM_ICInit                               0x08007e95   Thumb Code   164  stm32f4xx_tim.o(.text)
    TIM_ICStructInit                         0x08007f39   Thumb Code    16  stm32f4xx_tim.o(.text)
    TIM_PWMIConfig                           0x08007f49   Thumb Code   104  stm32f4xx_tim.o(.text)
    TIM_GetCapture1                          0x08007fb1   Thumb Code     4  stm32f4xx_tim.o(.text)
    TIM_GetCapture2                          0x08007fb5   Thumb Code     4  stm32f4xx_tim.o(.text)
    TIM_GetCapture3                          0x08007fb9   Thumb Code     4  stm32f4xx_tim.o(.text)
    TIM_GetCapture4                          0x08007fbd   Thumb Code     4  stm32f4xx_tim.o(.text)
    TIM_BDTRConfig                           0x08007fc1   Thumb Code    34  stm32f4xx_tim.o(.text)
    TIM_BDTRStructInit                       0x08007fe3   Thumb Code    18  stm32f4xx_tim.o(.text)
    TIM_CtrlPWMOutputs                       0x08007ff5   Thumb Code    22  stm32f4xx_tim.o(.text)
    TIM_SelectCOM                            0x0800800b   Thumb Code    20  stm32f4xx_tim.o(.text)
    TIM_CCPreloadControl                     0x0800801f   Thumb Code    20  stm32f4xx_tim.o(.text)
    TIM_ITConfig                             0x08008033   Thumb Code    16  stm32f4xx_tim.o(.text)
    TIM_GenerateEvent                        0x08008043   Thumb Code     4  stm32f4xx_tim.o(.text)
    TIM_GetFlagStatus                        0x08008047   Thumb Code    14  stm32f4xx_tim.o(.text)
    TIM_ClearFlag                            0x08008055   Thumb Code     6  stm32f4xx_tim.o(.text)
    TIM_GetITStatus                          0x0800805b   Thumb Code    24  stm32f4xx_tim.o(.text)
    TIM_ClearITPendingBit                    0x08008073   Thumb Code     6  stm32f4xx_tim.o(.text)
    TIM_DMAConfig                            0x08008079   Thumb Code     8  stm32f4xx_tim.o(.text)
    TIM_DMACmd                               0x08008081   Thumb Code    16  stm32f4xx_tim.o(.text)
    TIM_SelectCCDMA                          0x08008091   Thumb Code    20  stm32f4xx_tim.o(.text)
    TIM_InternalClockConfig                  0x080080a5   Thumb Code    10  stm32f4xx_tim.o(.text)
    TIM_SelectInputTrigger                   0x080080af   Thumb Code    12  stm32f4xx_tim.o(.text)
    TIM_ITRxExternalClockConfig              0x080080bb   Thumb Code    18  stm32f4xx_tim.o(.text)
    TIM_TIxExternalClockConfig               0x080080cd   Thumb Code    46  stm32f4xx_tim.o(.text)
    TIM_ETRConfig                            0x080080fb   Thumb Code    24  stm32f4xx_tim.o(.text)
    TIM_ETRClockMode1Config                  0x08008113   Thumb Code    18  stm32f4xx_tim.o(.text)
    TIM_ETRClockMode2Config                  0x08008125   Thumb Code    18  stm32f4xx_tim.o(.text)
    TIM_SelectOutputTrigger                  0x08008137   Thumb Code    16  stm32f4xx_tim.o(.text)
    TIM_SelectSlaveMode                      0x08008147   Thumb Code    16  stm32f4xx_tim.o(.text)
    TIM_SelectMasterSlaveMode                0x08008157   Thumb Code    16  stm32f4xx_tim.o(.text)
    TIM_EncoderInterfaceConfig               0x08008167   Thumb Code    50  stm32f4xx_tim.o(.text)
    TIM_SelectHallSensor                     0x08008199   Thumb Code    20  stm32f4xx_tim.o(.text)
    TIM_RemapConfig                          0x080081ad   Thumb Code     6  stm32f4xx_tim.o(.text)
    USART_DeInit                             0x080081e1   Thumb Code   114  stm32f4xx_usart.o(.text)
    USART_Init                               0x08008253   Thumb Code   164  stm32f4xx_usart.o(.text)
    USART_StructInit                         0x080082f7   Thumb Code    22  stm32f4xx_usart.o(.text)
    USART_ClockInit                          0x0800830d   Thumb Code    28  stm32f4xx_usart.o(.text)
    USART_ClockStructInit                    0x08008329   Thumb Code    12  stm32f4xx_usart.o(.text)
    USART_Cmd                                0x08008335   Thumb Code    20  stm32f4xx_usart.o(.text)
    USART_SetPrescaler                       0x08008349   Thumb Code    16  stm32f4xx_usart.o(.text)
    USART_OverSampling8Cmd                   0x08008359   Thumb Code    20  stm32f4xx_usart.o(.text)
    USART_OneBitMethodCmd                    0x0800836d   Thumb Code    20  stm32f4xx_usart.o(.text)
    USART_SendData                           0x08008381   Thumb Code     8  stm32f4xx_usart.o(.text)
    USART_ReceiveData                        0x08008389   Thumb Code     8  stm32f4xx_usart.o(.text)
    USART_SetAddress                         0x08008391   Thumb Code    16  stm32f4xx_usart.o(.text)
    USART_ReceiverWakeUpCmd                  0x080083a1   Thumb Code    20  stm32f4xx_usart.o(.text)
    USART_WakeUpConfig                       0x080083b5   Thumb Code    16  stm32f4xx_usart.o(.text)
    USART_LINBreakDetectLengthConfig         0x080083c5   Thumb Code    16  stm32f4xx_usart.o(.text)
    USART_LINCmd                             0x080083d5   Thumb Code    20  stm32f4xx_usart.o(.text)
    USART_SendBreak                          0x080083e9   Thumb Code    10  stm32f4xx_usart.o(.text)
    USART_HalfDuplexCmd                      0x080083f3   Thumb Code    20  stm32f4xx_usart.o(.text)
    USART_SetGuardTime                       0x08008407   Thumb Code    16  stm32f4xx_usart.o(.text)
    USART_SmartCardCmd                       0x08008417   Thumb Code    20  stm32f4xx_usart.o(.text)
    USART_SmartCardNACKCmd                   0x0800842b   Thumb Code    20  stm32f4xx_usart.o(.text)
    USART_IrDAConfig                         0x0800843f   Thumb Code    16  stm32f4xx_usart.o(.text)
    USART_IrDACmd                            0x0800844f   Thumb Code    20  stm32f4xx_usart.o(.text)
    USART_DMACmd                             0x08008463   Thumb Code    16  stm32f4xx_usart.o(.text)
    USART_ITConfig                           0x08008473   Thumb Code    48  stm32f4xx_usart.o(.text)
    USART_GetFlagStatus                      0x080084a3   Thumb Code    14  stm32f4xx_usart.o(.text)
    USART_ClearFlag                          0x080084b1   Thumb Code     6  stm32f4xx_usart.o(.text)
    USART_GetITStatus                        0x080084b7   Thumb Code    62  stm32f4xx_usart.o(.text)
    USART_ClearITPendingBit                  0x080084f5   Thumb Code    12  stm32f4xx_usart.o(.text)
    send_status_compass                      0x08008741   Thumb Code   138  main.o(.text)
    gyro_data_ready_cb                       0x08008d35   Thumb Code     8  main.o(.text)
    main                                     0x08008d3d   Thumb Code  1112  main.o(.text)
    inv_vector_compass_cal_sensitivity       0x080091ad   Thumb Code     8  compass_vec_cal.o(.text)
    inv_cheap_rand                           0x0800939b   Thumb Code    42  compass_vec_cal.o(.text)
    inv_cheap_gaussian                       0x080093c5   Thumb Code   134  compass_vec_cal.o(.text)
    inv_combine_compass_data                 0x0800944b   Thumb Code   416  compass_vec_cal.o(.text)
    inv_set_terms                            0x080095eb   Thumb Code   932  compass_vec_cal.o(.text)
    inv_compute_bias                         0x0800998f   Thumb Code  2142  compass_vec_cal.o(.text)
    inv_center_sum                           0x0800a1ed   Thumb Code  1784  compass_vec_cal.o(.text)
    inv_get_current_calibrated_compass       0x0800a8e5   Thumb Code    82  compass_vec_cal.o(.text)
    inv_add_compass_block_data               0x0800a937   Thumb Code   172  compass_vec_cal.o(.text)
    inv_check_sim                            0x0800ac4f   Thumb Code   400  compass_vec_cal.o(.text)
    inv_reset_data_collection                0x0800addf   Thumb Code    50  compass_vec_cal.o(.text)
    inv_process_compass_only_cal             0x0800ae11   Thumb Code  1720  compass_vec_cal.o(.text)
    inv_generate_vector_compass_cal          0x0800b4c9   Thumb Code    62  compass_vec_cal.o(.text)
    inv_start_vector_compass_cal             0x0800b507   Thumb Code    14  compass_vec_cal.o(.text)
    inv_stop_vector_compass_cal              0x0800b515   Thumb Code     8  compass_vec_cal.o(.text)
    inv_init_vector_compass_cal              0x0800b51d   Thumb Code    92  compass_vec_cal.o(.text)
    inv_enable_vector_compass_cal            0x0800b579   Thumb Code    24  compass_vec_cal.o(.text)
    inv_disable_vector_compass_cal           0x0800b591   Thumb Code    22  compass_vec_cal.o(.text)
    inv_init_maxmin                          0x0800b69d   Thumb Code    78  fast_no_motion.o(.text)
    inv_fast_nomot_parameter                 0x0800b6eb   Thumb Code   332  fast_no_motion.o(.text)
    inv_fast_nomot_parameter_3rd             0x0800b837   Thumb Code   190  fast_no_motion.o(.text)
    inv_fast_nomot_set_gyro_bias             0x0800b8f5   Thumb Code   232  fast_no_motion.o(.text)
    inv_set_fast_nomot_compass_threshold     0x0800b9dd   Thumb Code     8  fast_no_motion.o(.text)
    int_set_fast_nomot_gyro_threshold        0x0800b9e5   Thumb Code     8  fast_no_motion.o(.text)
    inv_set_fast_nomot_accel_threshold       0x0800b9ed   Thumb Code     8  fast_no_motion.o(.text)
    inv_get_fast_nomot_compass_param         0x0800b9f5   Thumb Code    18  fast_no_motion.o(.text)
    inv_get_fast_nomot_accel_param           0x0800ba07   Thumb Code    18  fast_no_motion.o(.text)
    inv_fast_nomot_store_data                0x0800ba19   Thumb Code   140  fast_no_motion.o(.text)
    inv_fast_nomot_store_data_compass        0x0800baa5   Thumb Code    74  fast_no_motion.o(.text)
    inv_fast_nomot_reset_data_compass        0x0800baef   Thumb Code    36  fast_no_motion.o(.text)
    inv_fast_nomot_get_time_elaps            0x0800bb13   Thumb Code     8  fast_no_motion.o(.text)
    inv_fast_nomot_parameter_compass         0x0800bb1b   Thumb Code    22  fast_no_motion.o(.text)
    inv_get_right_shift_by_rounding          0x0800bb31   Thumb Code    76  fast_no_motion.o(.text)
    inv_reset_min_max_gyro_accel_statistics  0x0800bb7d   Thumb Code    38  fast_no_motion.o(.text)
    inv_record_max_moment_in_no_motion_gyro  0x0800bba3   Thumb Code    32  fast_no_motion.o(.text)
    inv_record_max_moment_in_no_motion_accel 0x0800bbc3   Thumb Code    32  fast_no_motion.o(.text)
    inv_record_min_moment_in_motion_gyro     0x0800bbe3   Thumb Code    34  fast_no_motion.o(.text)
    inv_record_min_moment_in_motion_accel    0x0800bc05   Thumb Code    34  fast_no_motion.o(.text)
    inv_detect_motion_by_gyro_accel          0x0800bc27   Thumb Code   214  fast_no_motion.o(.text)
    inv_sensor_data_preprocess               0x0800bcfd   Thumb Code   132  fast_no_motion.o(.text)
    inv_generate_fast_nomot                  0x0800bd81   Thumb Code   504  fast_no_motion.o(.text)
    inv_set_default_number_of_samples        0x0800bf79   Thumb Code    62  fast_no_motion.o(.text)
    inv_init_fast_nomot                      0x0800bfb7   Thumb Code    78  fast_no_motion.o(.text)
    inv_start_fast_nomot                     0x0800c005   Thumb Code    56  fast_no_motion.o(.text)
    inv_stop_fast_nomot                      0x0800c03d   Thumb Code    20  fast_no_motion.o(.text)
    inv_enable_fast_nomot                    0x0800c051   Thumb Code    24  fast_no_motion.o(.text)
    inv_disable_fast_nomot                   0x0800c069   Thumb Code    18  fast_no_motion.o(.text)
    inv_get_fnm_gyro_no_motion_param         0x0800c07b   Thumb Code     8  fast_no_motion.o(.text)
    inv_fnm_debug_print                      0x0800c083   Thumb Code     2  fast_no_motion.o(.text)
    inv_filter_correction_angle              0x0800c161   Thumb Code   374  fusion_9axis.o(.text)
    inv_perform_9x_fusion                    0x0800c2d7   Thumb Code   894  fusion_9axis.o(.text)
    inv_process_9x_sensor_fusion_cb          0x0800c655   Thumb Code   120  fusion_9axis.o(.text)
    inv_init_9x_fusion                       0x0800c6cd   Thumb Code    52  fusion_9axis.o(.text)
    inv_9x_fusion_set_mag_fb                 0x0800c701   Thumb Code    10  fusion_9axis.o(.text)
    inv_9x_fusion_enable_jitter_reduction    0x0800c70b   Thumb Code    10  fusion_9axis.o(.text)
    inv_9x_fusion_use_timestamps             0x0800c715   Thumb Code    10  fusion_9axis.o(.text)
    inv_start_9x_sensor_fusion               0x0800c71f   Thumb Code    14  fusion_9axis.o(.text)
    inv_stop_9x_sensor_fusion                0x0800c72d   Thumb Code     8  fusion_9axis.o(.text)
    inv_enable_9x_sensor_fusion              0x0800c735   Thumb Code    30  fusion_9axis.o(.text)
    inv_disable_9x_sensor_fusion             0x0800c753   Thumb Code     8  fusion_9axis.o(.text)
    inv_set_magnetic_disturbance             0x0800c765   Thumb Code    16  mag_disturb.o(.text)
    inv_init_magnetic_disturbance            0x0800c775   Thumb Code    68  mag_disturb.o(.text)
    MagDisturbSetDisturbance                 0x0800c7b9   Thumb Code   108  mag_disturb.o(.text)
    MagDisturbCheckSettling                  0x0800c825   Thumb Code    68  mag_disturb.o(.text)
    ComputeAngleVelocity                     0x0800c869   Thumb Code    94  mag_disturb.o(.text)
    inv_disable_dip_tracking                 0x0800c8c7   Thumb Code    10  mag_disturb.o(.text)
    Mag3ofNormalizedLong                     0x0800c8d1   Thumb Code    60  mag_disturb.o(.text)
    inv_track_dip_angle                      0x0800c90d   Thumb Code   126  mag_disturb.o(.text)
    inv_check_magnetic_disturbance           0x0800c98b   Thumb Code   758  mag_disturb.o(.text)
    inv_magnetic_disturbance_process         0x0800cc81   Thumb Code    50  mag_disturb.o(.text)
    inv_start_magnetic_disturbance           0x0800ccb3   Thumb Code    14  mag_disturb.o(.text)
    inv_stop_magnetic_disturbance            0x0800ccc1   Thumb Code     8  mag_disturb.o(.text)
    inv_enable_magnetic_disturbance          0x0800ccc9   Thumb Code    40  mag_disturb.o(.text)
    inv_disable_magnetic_disturbance         0x0800ccf1   Thumb Code    22  mag_disturb.o(.text)
    inv_enable_dip_tracking                  0x0800cd07   Thumb Code    14  mag_disturb.o(.text)
    inv_get_magnetic_disturbance_state       0x0800cd15   Thumb Code     8  mag_disturb.o(.text)
    inv_generate_gyro_quaternion             0x0800d0dd   Thumb Code   348  quaternion_supervisor.o(.text)
    inv_set_quaternion                       0x0800d3ef   Thumb Code    36  quaternion_supervisor.o(.text)
    inv_generate_accel_gyro_quaternion       0x0800d413   Thumb Code   468  quaternion_supervisor.o(.text)
    inv_stop_quaternion                      0x0800d62b   Thumb Code     6  quaternion_supervisor.o(.text)
    inv_init_quaternion                      0x0800d631   Thumb Code    34  quaternion_supervisor.o(.text)
    inv_start_quaternion                     0x0800d653   Thumb Code    34  quaternion_supervisor.o(.text)
    inv_enable_quaternion                    0x0800d675   Thumb Code    24  quaternion_supervisor.o(.text)
    inv_disable_quaternion                   0x0800d68d   Thumb Code    20  quaternion_supervisor.o(.text)
    inv_init_accel_maxmin                    0x0800d6b9   Thumb Code    34  accel_auto_cal.o(.text)
    inv_record_good_accel_maxmin             0x0800d6db   Thumb Code    58  accel_auto_cal.o(.text)
    inv_get_current_calibrated_accel         0x0800d715   Thumb Code    70  accel_auto_cal.o(.text)
    inv_sort_order_4_T                       0x0800db05   Thumb Code   134  accel_auto_cal.o(.text)
    inv_init_check_sample_balance            0x0800db8b   Thumb Code    36  accel_auto_cal.o(.text)
    inv_init_check_sample_balance_parameter  0x0800dbaf   Thumb Code    28  accel_auto_cal.o(.text)
    inv_add_accel_block_data                 0x0800dbcb   Thumb Code   180  accel_auto_cal.o(.text)
    inv_add_vector_block_data                0x0800dc7f   Thumb Code   152  accel_auto_cal.o(.text)
    inv_check_sample_balance                 0x0800dd17   Thumb Code   372  accel_auto_cal.o(.text)
    inv_auto_calibrate                       0x0800dedd   Thumb Code   828  accel_auto_cal.o(.text)
    inv_init_in_use_auto_calibration         0x0800e219   Thumb Code    92  accel_auto_cal.o(.text)
    inv_start_in_use_auto_calibration        0x0800e275   Thumb Code    14  accel_auto_cal.o(.text)
    inv_stop_in_use_auto_calibration         0x0800e283   Thumb Code     8  accel_auto_cal.o(.text)
    inv_enable_in_use_auto_calibration       0x0800e28b   Thumb Code    24  accel_auto_cal.o(.text)
    inv_disable_in_use_auto_calibration      0x0800e2a3   Thumb Code    22  accel_auto_cal.o(.text)
    inv_get_accel_bias_stage                 0x0800e2b9   Thumb Code     6  accel_auto_cal.o(.text)
    __aeabi_ldivmod                          0x0800e2fd   Thumb Code    98  ldiv.o(.text)
    __aeabi_llsl                             0x0800e35f   Thumb Code    30  llshl.o(.text)
    _ll_shift_l                              0x0800e35f   Thumb Code     0  llshl.o(.text)
    __aeabi_lasr                             0x0800e37d   Thumb Code    36  llsshr.o(.text)
    _ll_sshift_r                             0x0800e37d   Thumb Code     0  llsshr.o(.text)
    ___aeabi_memcpy8$move                    0x0800e3a1   Thumb Code     0  memmovea.o(.text)
    __aeabi_memcpy                           0x0800e3a1   Thumb Code    64  memmovea.o(.text)
    __aeabi_memcpy4                          0x0800e3a1   Thumb Code     0  memmovea.o(.text)
    __aeabi_memmove                          0x0800e3a1   Thumb Code     0  memmovea.o(.text)
    __aeabi_memmove4                         0x0800e3a1   Thumb Code     0  memmovea.o(.text)
    __aeabi_memmove8                         0x0800e3a1   Thumb Code     0  memmovea.o(.text)
    __aeabi_memset                           0x0800e3e1   Thumb Code    14  memseta.o(.text)
    __aeabi_memset4                          0x0800e3e1   Thumb Code     0  memseta.o(.text)
    __aeabi_memset8                          0x0800e3e1   Thumb Code     0  memseta.o(.text)
    __aeabi_memclr                           0x0800e3ef   Thumb Code     4  memseta.o(.text)
    __aeabi_memclr4                          0x0800e3ef   Thumb Code     0  memseta.o(.text)
    __aeabi_memclr8                          0x0800e3ef   Thumb Code     0  memseta.o(.text)
    _memset$wrapper                          0x0800e3f3   Thumb Code    18  memseta.o(.text)
    memcmp                                   0x0800e405   Thumb Code    26  memcmp.o(.text)
    __aeabi_dadd                             0x0800e41f   Thumb Code   322  dadd.o(.text)
    __aeabi_dsub                             0x0800e561   Thumb Code     6  dadd.o(.text)
    __aeabi_drsub                            0x0800e567   Thumb Code     6  dadd.o(.text)
    __aeabi_dmul                             0x0800e56d   Thumb Code   228  dmul.o(.text)
    __aeabi_ddiv                             0x0800e651   Thumb Code   222  ddiv.o(.text)
    __aeabi_l2f                              0x0800e72f   Thumb Code    44  ffltl.o(.text)
    __aeabi_i2d                              0x0800e75b   Thumb Code    34  dflti.o(.text)
    __aeabi_f2lz                             0x0800e77d   Thumb Code    66  ffixl.o(.text)
    __aeabi_d2iz                             0x0800e7bf   Thumb Code    62  dfixi.o(.text)
    __aeabi_f2d                              0x0800e7fd   Thumb Code    38  f2d.o(.text)
    __aeabi_cdcmpeq                          0x0800e825   Thumb Code     0  cdcmple.o(.text)
    __aeabi_cdcmple                          0x0800e825   Thumb Code    48  cdcmple.o(.text)
    __aeabi_cdrcmple                         0x0800e855   Thumb Code    48  cdrcmple.o(.text)
    __aeabi_d2f                              0x0800e885   Thumb Code    56  d2f.o(.text)
    __aeabi_uidiv                            0x0800e8bd   Thumb Code     0  uidiv.o(.text)
    __aeabi_uidivmod                         0x0800e8bd   Thumb Code    44  uidiv.o(.text)
    __aeabi_uldivmod                         0x0800e8e9   Thumb Code    98  uldiv.o(.text)
    __aeabi_llsr                             0x0800e94b   Thumb Code    32  llushr.o(.text)
    _ll_ushift_r                             0x0800e94b   Thumb Code     0  llushr.o(.text)
    __I$use$fp                               0x0800e96b   Thumb Code     0  iusefp.o(.text)
    _float_round                             0x0800e96b   Thumb Code    18  fepilogue.o(.text)
    _float_epilogue                          0x0800e97d   Thumb Code    92  fepilogue.o(.text)
    _double_round                            0x0800e9d9   Thumb Code    30  depilogue.o(.text)
    _double_epilogue                         0x0800e9f7   Thumb Code   156  depilogue.o(.text)
    _dsqrt                                   0x0800ea93   Thumb Code   162  dsqrt.o(.text)
    __aeabi_d2ulz                            0x0800eb35   Thumb Code    48  dfixul.o(.text)
    __scatterload                            0x0800eb65   Thumb Code    28  init.o(.text)
    __scatterload_rt2                        0x0800eb65   Thumb Code     0  init.o(.text)
    __aeabi_ui2d                             0x0800eb89   Thumb Code    26  dfltui.o(.text)
    __0printf                                0x0800eba5   Thumb Code    22  printfa.o(i.__0printf)
    __1printf                                0x0800eba5   Thumb Code     0  printfa.o(i.__0printf)
    __2printf                                0x0800eba5   Thumb Code     0  printfa.o(i.__0printf)
    __c89printf                              0x0800eba5   Thumb Code     0  printfa.o(i.__0printf)
    printf                                   0x0800eba5   Thumb Code     0  printfa.o(i.__0printf)
    __0vsprintf                              0x0800ebc5   Thumb Code    30  printfa.o(i.__0vsprintf)
    __1vsprintf                              0x0800ebc5   Thumb Code     0  printfa.o(i.__0vsprintf)
    __2vsprintf                              0x0800ebc5   Thumb Code     0  printfa.o(i.__0vsprintf)
    __c89vsprintf                            0x0800ebc5   Thumb Code     0  printfa.o(i.__0vsprintf)
    vsprintf                                 0x0800ebc5   Thumb Code     0  printfa.o(i.__0vsprintf)
    __ARM_fpclassify                         0x0800ebe9   Thumb Code    48  fpclassify.o(i.__ARM_fpclassify)
    __ARM_fpclassifyf                        0x0800ec19   Thumb Code    38  fpclassifyf.o(i.__ARM_fpclassifyf)
    __hardfp_acos                            0x0800ec41   Thumb Code   738  acos.o(i.__hardfp_acos)
    __hardfp_acosf                           0x0800ef99   Thumb Code   234  acosf.o(i.__hardfp_acosf)
    __hardfp_asinf                           0x0800f0b1   Thumb Code   258  asinf.o(i.__hardfp_asinf)
    __hardfp_atan2f                          0x0800f1dd   Thumb Code   502  atan2f.o(i.__hardfp_atan2f)
    __hardfp_cos                             0x0800f431   Thumb Code   180  cos.o(i.__hardfp_cos)
    __hardfp_cosf                            0x0800f4f9   Thumb Code   280  cosf.o(i.__hardfp_cosf)
    __hardfp_fabs                            0x0800f649   Thumb Code    20  fabs.o(i.__hardfp_fabs)
    __hardfp_log                             0x0800f661   Thumb Code   872  log.o(i.__hardfp_log)
    __hardfp_sinf                            0x0800fa25   Thumb Code   344  sinf.o(i.__hardfp_sinf)
    __hardfp_sqrt                            0x0800fbb5   Thumb Code   122  sqrt.o(i.__hardfp_sqrt)
    __hardfp_sqrtf                           0x0800fc2f   Thumb Code    58  sqrtf.o(i.__hardfp_sqrtf)
    __ieee754_rem_pio2                       0x0800fc69   Thumb Code   938  rred.o(i.__ieee754_rem_pio2)
    __kernel_cos                             0x080100a1   Thumb Code   322  cos_i.o(i.__kernel_cos)
    __kernel_poly                            0x08010211   Thumb Code   248  poly.o(i.__kernel_poly)
    __kernel_sin                             0x08010309   Thumb Code   280  sin_i.o(i.__kernel_sin)
    __mathlib_dbl_divzero                    0x08010439   Thumb Code    28  dunder.o(i.__mathlib_dbl_divzero)
    __mathlib_dbl_infnan                     0x08010469   Thumb Code    20  dunder.o(i.__mathlib_dbl_infnan)
    __mathlib_dbl_invalid                    0x08010481   Thumb Code    24  dunder.o(i.__mathlib_dbl_invalid)
    __mathlib_dbl_underflow                  0x080104a1   Thumb Code    24  dunder.o(i.__mathlib_dbl_underflow)
    __mathlib_flt_infnan                     0x080104c1   Thumb Code     6  funder.o(i.__mathlib_flt_infnan)
    __mathlib_flt_infnan2                    0x080104c7   Thumb Code     6  funder.o(i.__mathlib_flt_infnan2)
    __mathlib_flt_invalid                    0x080104cd   Thumb Code    10  funder.o(i.__mathlib_flt_invalid)
    __mathlib_flt_underflow                  0x080104dd   Thumb Code    10  funder.o(i.__mathlib_flt_underflow)
    __mathlib_rredf2                         0x080104ed   Thumb Code   316  rredf.o(i.__mathlib_rredf2)
    __scatterload_copy                       0x08010641   Thumb Code    14  handlers.o(i.__scatterload_copy)
    __scatterload_null                       0x0801064f   Thumb Code     2  handlers.o(i.__scatterload_null)
    __scatterload_zeroinit                   0x08010651   Thumb Code    14  handlers.o(i.__scatterload_zeroinit)
    __set_errno                              0x08010661   Thumb Code     6  errno.o(i.__set_errno)
    fabs                                     0x08010f29   Thumb Code    24  fabs.o(i.fabs)
    sqrt                                     0x08010f41   Thumb Code   110  sqrt.o(i.sqrt)
    sqrtf                                    0x08010faf   Thumb Code    62  sqrtf.o(i.sqrtf)
    reg                                      0x08010fec   Data          42  inv_mpu.o(.constdata)
    hw                                       0x08011016   Data          14  inv_mpu.o(.constdata)
    test                                     0x08011024   Data          48  inv_mpu.o(.constdata)
    sin_lookup                               0x08011e4c   Data        1024  ml_math_func.o(.constdata)
    ml_ver                                   0x0801224c   Data          20  mpl.o(.constdata)
    __mathlib_zero                           0x08012338   Data           8  qnan.o(.constdata)
    Region$$Table$$Base                      0x080124a0   Number         0  anon$$obj.o(Region$$Table)
    Region$$Table$$Limit                     0x080124c0   Number         0  anon$$obj.o(Region$$Table)
    compass_low_pass_filter_coeff            0x20000038   Data          20  hal_outputs.o(.data)
    g_ul_ms_ticks                            0x20000050   Data           4  board-st_discovery.o(.data)
    IC2Value                                 0x20000058   Data           2  stm32f4xx_it.o(.data)
    DutyCycle                                0x2000005a   Data           2  stm32f4xx_it.o(.data)
    Frequency                                0x2000005c   Data           4  stm32f4xx_it.o(.data)
    SystemCoreClock                          0x20000060   Data           4  system_stm32f4xx.o(.data)
    AHBPrescTable                            0x20000064   Data          16  system_stm32f4xx.o(.data)
    mpl_key                                  0x20000088   Data           4  main.o(.data)
    __stdout                                 0x200000b0   Data           4  stdout.o(.data)
    cb                                       0x20000728   Data         232  compass_vec_cal.o(.bss)
    cb_test                                  0x20000810   Data         232  compass_vec_cal.o(.bss)
    cb_sim                                   0x200008f8   Data         232  compass_vec_cal.o(.bss)
    vc                                       0x200009e0   Data         424  compass_vec_cal.o(.bss)
    fnm                                      0x20000b88   Data         608  fast_no_motion.o(.bss)
    s9axis                                   0x20000e28   Data         312  fusion_9axis.o(.bss)
    mag_disturb                              0x20000f60   Data         184  mag_disturb.o(.bss)
    __initial_sp                             0x20002b40   Data           0  startup_stm32f40xx.o(STACK)



==============================================================================

Memory Map of the image

  Image Entry point : 0x08000189

  Load Region LR_IROM1 (Base: 0x08000000, Size: 0x00012578, Max: 0x00100000, ABSOLUTE)

    Execution Region ER_IROM1 (Base: 0x08000000, Size: 0x000124c0, Max: 0x00100000, ABSOLUTE)

    Base Addr    Size         Type   Attr      Idx    E Section Name        Object

    0x08000000   0x00000188   Data   RO          586    RESET               startup_stm32f40xx.o
    0x08000188   0x00000000   Code   RO         1913  * .ARM.Collect$$$$00000000  mc_w.l(entry.o)
    0x08000188   0x00000004   Code   RO         2269    .ARM.Collect$$$$00000001  mc_w.l(entry2.o)
    0x0800018c   0x00000004   Code   RO         2272    .ARM.Collect$$$$00000004  mc_w.l(entry5.o)
    0x08000190   0x00000000   Code   RO         2274    .ARM.Collect$$$$00000008  mc_w.l(entry7b.o)
    0x08000190   0x00000000   Code   RO         2276    .ARM.Collect$$$$0000000A  mc_w.l(entry8b.o)
    0x08000190   0x00000008   Code   RO         2277    .ARM.Collect$$$$0000000B  mc_w.l(entry9a.o)
    0x08000198   0x00000000   Code   RO         2279    .ARM.Collect$$$$0000000D  mc_w.l(entry10a.o)
    0x08000198   0x00000000   Code   RO         2281    .ARM.Collect$$$$0000000F  mc_w.l(entry11a.o)
    0x08000198   0x00000004   Code   RO         2270    .ARM.Collect$$$$00002712  mc_w.l(entry2.o)
    0x0800019c   0x00002afc   Code   RO            4    .text               inv_mpu.o
    0x08002c98   0x00000a80   Code   RO          178    .text               inv_mpu_dmp_motion_driver.o
    0x08003718   0x000002d0   Code   RO          219    .text               log_stm32.o
    0x080039e8   0x000003a0   Code   RO          258    .text               empl_outputs.o
    0x08003d88   0x00000a4c   Code   RO          293    .text               data_builder.o
    0x080047d4   0x000005bc   Code   RO          324    .text               hal_outputs.o
    0x08004d90   0x00000024   Code   RO          344    .text               message_layer.o
    0x08004db4   0x00000d3c   Code   RO          358    .text               ml_math_func.o
    0x08005af0   0x000000d8   Code   RO          392    .text               mpl.o
    0x08005bc8   0x000003ac   Code   RO          413    .text               results_holder.o
    0x08005f74   0x00000098   Code   RO          428    .text               start_manager.o
    0x0800600c   0x0000019c   Code   RO          442    .text               storage_manager.o
    0x080061a8   0x000000ac   Code   RO          459    .text               board-st_discovery.o
    0x08006254   0x0000006c   Code   RO          527    .text               stm32f4xx_it.o
    0x080062c0   0x0000017c   Code   RO          557    .text               system_stm32f4xx.o
    0x0800643c   0x00000024   Code   RO          587    .text               startup_stm32f40xx.o
    0x08006460   0x000000bc   Code   RO          594    .text               gpio.o
    0x0800651c   0x00000634   Code   RO          621    .text               i2c.o
    0x08006b50   0x000000b0   Code   RO          647    .text               uart.o
    0x08006c00   0x000000b0   Code   RO          671    .text               misc.o
    0x08006cb0   0x000000e8   Code   RO          959    .text               stm32f4xx_exti.o
    0x08006d98   0x00000218   Code   RO         1032    .text               stm32f4xx_gpio.o
    0x08006fb0   0x0000033c   Code   RO         1128    .text               stm32f4xx_i2c.o
    0x080072ec   0x000000d0   Code   RO         1176    .text               stm32f4xx_pwr.o
    0x080073bc   0x000003d0   Code   RO         1200    .text               stm32f4xx_rcc.o
    0x0800778c   0x00000078   Code   RO         1323    .text               stm32f4xx_syscfg.o
    0x08007804   0x000009dc   Code   RO         1347    .text               stm32f4xx_tim.o
    0x080081e0   0x00000338   Code   RO         1372    .text               stm32f4xx_usart.o
    0x08008518   0x00000c94   Code   RO         1420    .text               main.o
    0x080091ac   0x000024f0   Code   RO         1491    .text               libmpllib.lib(compass_vec_cal.o)
    0x0800b69c   0x00000a18   Code   RO         1581    .text               libmpllib.lib(fast_no_motion.o)
    0x0800c0b4   0x000006b0   Code   RO         1614    .text               libmpllib.lib(fusion_9axis.o)
    0x0800c764   0x000005c0   Code   RO         1636    .text               libmpllib.lib(mag_disturb.o)
    0x0800cd24   0x00000994   Code   RO         1658    .text               libmpllib.lib(quaternion_supervisor.o)
    0x0800d6b8   0x00000c44   Code   RO         1676    .text               libmpllib.lib(accel_auto_cal.o)
    0x0800e2fc   0x00000062   Code   RO         1916    .text               mc_w.l(ldiv.o)
    0x0800e35e   0x0000001e   Code   RO         1918    .text               mc_w.l(llshl.o)
    0x0800e37c   0x00000024   Code   RO         1920    .text               mc_w.l(llsshr.o)
    0x0800e3a0   0x00000040   Code   RO         1924    .text               mc_w.l(memmovea.o)
    0x0800e3e0   0x00000024   Code   RO         1926    .text               mc_w.l(memseta.o)
    0x0800e404   0x0000001a   Code   RO         1928    .text               mc_w.l(memcmp.o)
    0x0800e41e   0x0000014e   Code   RO         2195    .text               mf_w.l(dadd.o)
    0x0800e56c   0x000000e4   Code   RO         2197    .text               mf_w.l(dmul.o)
    0x0800e650   0x000000de   Code   RO         2199    .text               mf_w.l(ddiv.o)
    0x0800e72e   0x0000002c   Code   RO         2201    .text               mf_w.l(ffltl.o)
    0x0800e75a   0x00000022   Code   RO         2203    .text               mf_w.l(dflti.o)
    0x0800e77c   0x00000042   Code   RO         2205    .text               mf_w.l(ffixl.o)
    0x0800e7be   0x0000003e   Code   RO         2207    .text               mf_w.l(dfixi.o)
    0x0800e7fc   0x00000026   Code   RO         2209    .text               mf_w.l(f2d.o)
    0x0800e822   0x00000002   PAD
    0x0800e824   0x00000030   Code   RO         2211    .text               mf_w.l(cdcmple.o)
    0x0800e854   0x00000030   Code   RO         2213    .text               mf_w.l(cdrcmple.o)
    0x0800e884   0x00000038   Code   RO         2215    .text               mf_w.l(d2f.o)
    0x0800e8bc   0x0000002c   Code   RO         2284    .text               mc_w.l(uidiv.o)
    0x0800e8e8   0x00000062   Code   RO         2286    .text               mc_w.l(uldiv.o)
    0x0800e94a   0x00000020   Code   RO         2288    .text               mc_w.l(llushr.o)
    0x0800e96a   0x00000000   Code   RO         2297    .text               mc_w.l(iusefp.o)
    0x0800e96a   0x0000006e   Code   RO         2298    .text               mf_w.l(fepilogue.o)
    0x0800e9d8   0x000000ba   Code   RO         2300    .text               mf_w.l(depilogue.o)
    0x0800ea92   0x000000a2   Code   RO         2306    .text               mf_w.l(dsqrt.o)
    0x0800eb34   0x00000030   Code   RO         2308    .text               mf_w.l(dfixul.o)
    0x0800eb64   0x00000024   Code   RO         2310    .text               mc_w.l(init.o)
    0x0800eb88   0x0000001a   Code   RO         2312    .text               mf_w.l(dfltui.o)
    0x0800eba2   0x00000002   PAD
    0x0800eba4   0x00000020   Code   RO         2167    i.__0printf         mc_w.l(printfa.o)
    0x0800ebc4   0x00000024   Code   RO         2173    i.__0vsprintf       mc_w.l(printfa.o)
    0x0800ebe8   0x00000030   Code   RO         2234    i.__ARM_fpclassify  m_wm.l(fpclassify.o)
    0x0800ec18   0x00000026   Code   RO         2236    i.__ARM_fpclassifyf  m_wm.l(fpclassifyf.o)
    0x0800ec3e   0x00000002   PAD
    0x0800ec40   0x00000358   Code   RO         1705    i.__hardfp_acos     m_wm.l(acos.o)
    0x0800ef98   0x00000118   Code   RO         1719    i.__hardfp_acosf    m_wm.l(acosf.o)
    0x0800f0b0   0x0000012c   Code   RO         1745    i.__hardfp_asinf    m_wm.l(asinf.o)
    0x0800f1dc   0x00000250   Code   RO         1783    i.__hardfp_atan2f   m_wm.l(atan2f.o)
    0x0800f42c   0x00000004   PAD
    0x0800f430   0x000000c8   Code   RO         1801    i.__hardfp_cos      m_wm.l(cos.o)
    0x0800f4f8   0x00000150   Code   RO         1813    i.__hardfp_cosf     m_wm.l(cosf.o)
    0x0800f648   0x00000014   Code   RO         1825    i.__hardfp_fabs     m_wm.l(fabs.o)
    0x0800f65c   0x00000004   PAD
    0x0800f660   0x000003c4   Code   RO         1837    i.__hardfp_log      m_wm.l(log.o)
    0x0800fa24   0x00000190   Code   RO         1877    i.__hardfp_sinf     m_wm.l(sinf.o)
    0x0800fbb4   0x0000007a   Code   RO         1889    i.__hardfp_sqrt     m_wm.l(sqrt.o)
    0x0800fc2e   0x0000003a   Code   RO         1901    i.__hardfp_sqrtf    m_wm.l(sqrtf.o)
    0x0800fc68   0x00000438   Code   RO         2255    i.__ieee754_rem_pio2  m_wm.l(rred.o)
    0x080100a0   0x00000170   Code   RO         2217    i.__kernel_cos      m_wm.l(cos_i.o)
    0x08010210   0x000000f8   Code   RO         2252    i.__kernel_poly     m_wm.l(poly.o)
    0x08010308   0x00000130   Code   RO         2263    i.__kernel_sin      m_wm.l(sin_i.o)
    0x08010438   0x00000030   Code   RO         2220    i.__mathlib_dbl_divzero  m_wm.l(dunder.o)
    0x08010468   0x00000014   Code   RO         2221    i.__mathlib_dbl_infnan  m_wm.l(dunder.o)
    0x0801047c   0x00000004   PAD
    0x08010480   0x00000020   Code   RO         2223    i.__mathlib_dbl_invalid  m_wm.l(dunder.o)
    0x080104a0   0x00000020   Code   RO         2226    i.__mathlib_dbl_underflow  m_wm.l(dunder.o)
    0x080104c0   0x00000006   Code   RO         2239    i.__mathlib_flt_infnan  m_wm.l(funder.o)
    0x080104c6   0x00000006   Code   RO         2240    i.__mathlib_flt_infnan2  m_wm.l(funder.o)
    0x080104cc   0x00000010   Code   RO         2241    i.__mathlib_flt_invalid  m_wm.l(funder.o)
    0x080104dc   0x00000010   Code   RO         2244    i.__mathlib_flt_underflow  m_wm.l(funder.o)
    0x080104ec   0x00000154   Code   RO         2260    i.__mathlib_rredf2  m_wm.l(rredf.o)
    0x08010640   0x0000000e   Code   RO         2316    i.__scatterload_copy  mc_w.l(handlers.o)
    0x0801064e   0x00000002   Code   RO         2317    i.__scatterload_null  mc_w.l(handlers.o)
    0x08010650   0x0000000e   Code   RO         2318    i.__scatterload_zeroinit  mc_w.l(handlers.o)
    0x0801065e   0x00000002   PAD
    0x08010660   0x0000000c   Code   RO         2292    i.__set_errno       mc_w.l(errno.o)
    0x0801066c   0x00000184   Code   RO         2174    i._fp_digits        mc_w.l(printfa.o)
    0x080107f0   0x000006dc   Code   RO         2175    i._printf_core      mc_w.l(printfa.o)
    0x08010ecc   0x00000024   Code   RO         2176    i._printf_post_padding  mc_w.l(printfa.o)
    0x08010ef0   0x0000002e   Code   RO         2177    i._printf_pre_padding  mc_w.l(printfa.o)
    0x08010f1e   0x0000000a   Code   RO         2179    i._sputc            mc_w.l(printfa.o)
    0x08010f28   0x00000018   Code   RO         1827    i.fabs              m_wm.l(fabs.o)
    0x08010f40   0x0000006e   Code   RO         1891    i.sqrt              m_wm.l(sqrt.o)
    0x08010fae   0x0000003e   Code   RO         1903    i.sqrtf             m_wm.l(sqrtf.o)
    0x08010fec   0x0000002a   Data   RO            5    .constdata          inv_mpu.o
    0x08011016   0x0000000e   Data   RO            6    .constdata          inv_mpu.o
    0x08011024   0x00000030   Data   RO            7    .constdata          inv_mpu.o
    0x08011054   0x00000200   Data   RO            8    .constdata          inv_mpu.o
    0x08011254   0x00000bf6   Data   RO          180    .constdata          inv_mpu_dmp_motion_driver.o
    0x08011e4a   0x00000002   PAD
    0x08011e4c   0x00000400   Data   RO          359    .constdata          ml_math_func.o
    0x0801224c   0x0000002f   Data   RO          393    .constdata          mpl.o
    0x0801227b   0x00000005   PAD
    0x08012280   0x00000050   Data   RO         1708    .constdata          m_wm.l(acos.o)
    0x080122d0   0x00000038   Data   RO         1840    .constdata          m_wm.l(log.o)
    0x08012308   0x00000030   Data   RO         2218    .constdata          m_wm.l(cos_i.o)
    0x08012338   0x00000008   Data   RO         2254    .constdata          m_wm.l(qnan.o)
    0x08012340   0x000000c8   Data   RO         2257    .constdata          m_wm.l(rred.o)
    0x08012408   0x00000020   Data   RO         2261    .constdata          m_wm.l(rredf.o)
    0x08012428   0x00000028   Data   RO         2264    .constdata          m_wm.l(sin_i.o)
    0x08012450   0x00000044   Data   RO          295    .conststring        data_builder.o
    0x08012494   0x00000009   Data   RO         1422    .conststring        main.o
    0x0801249d   0x00000003   PAD
    0x080124a0   0x00000020   Data   RO         2314    Region$$Table       anon$$obj.o


    Execution Region RW_IRAM1 (Base: 0x20000000, Size: 0x00002b40, Max: 0x00020000, ABSOLUTE)

    Base Addr    Size         Type   Attr      Idx    E Section Name        Object

    0x20000000   0x00000038   Data   RW            9    .data               inv_mpu.o
    0x20000038   0x00000014   Data   RW          326    .data               hal_outputs.o
    0x2000004c   0x00000004   Data   RW          345    .data               message_layer.o
    0x20000050   0x00000008   Data   RW          460    .data               board-st_discovery.o
    0x20000058   0x00000008   Data   RW          528    .data               stm32f4xx_it.o
    0x20000060   0x00000014   Data   RW          558    .data               system_stm32f4xx.o
    0x20000074   0x00000002   Data   RW          622    .data               i2c.o
    0x20000076   0x00000010   Data   RW         1201    .data               stm32f4xx_rcc.o
    0x20000086   0x00000002   PAD
    0x20000088   0x00000004   Data   RW         1424    .data               main.o
    0x2000008c   0x00000012   Data   RW         1425    .data               main.o
    0x2000009e   0x00000002   PAD
    0x200000a0   0x00000010   Data   RW         1493    .data               libmpllib.lib(compass_vec_cal.o)
    0x200000b0   0x00000004   Data   RW         2283    .data               mc_w.l(stdout.o)
    0x200000b4   0x00000004   Data   RW         2293    .data               mc_w.l(errno.o)
    0x200000b8   0x00000010   Zero   RW          179    .bss                inv_mpu_dmp_motion_driver.o
    0x200000c8   0x00000028   Zero   RW          259    .bss                empl_outputs.o
    0x200000f0   0x000002d8   Zero   RW          294    .bss                data_builder.o
    0x200003c8   0x000000c4   Zero   RW          325    .bss                hal_outputs.o
    0x2000048c   0x00000088   Zero   RW          414    .bss                results_holder.o
    0x20000514   0x00000054   Zero   RW          429    .bss                start_manager.o
    0x20000568   0x00000198   Zero   RW          443    .bss                storage_manager.o
    0x20000700   0x00000024   Zero   RW         1421    .bss                main.o
    0x20000724   0x00000004   PAD
    0x20000728   0x00000460   Zero   RW         1492    .bss                libmpllib.lib(compass_vec_cal.o)
    0x20000b88   0x000002a0   Zero   RW         1582    .bss                libmpllib.lib(fast_no_motion.o)
    0x20000e28   0x00000138   Zero   RW         1615    .bss                libmpllib.lib(fusion_9axis.o)
    0x20000f60   0x000000b8   Zero   RW         1637    .bss                libmpllib.lib(mag_disturb.o)
    0x20001018   0x0000006c   Zero   RW         1659    .bss                libmpllib.lib(quaternion_supervisor.o)
    0x20001084   0x00000004   PAD
    0x20001088   0x000004b8   Zero   RW         1677    .bss                libmpllib.lib(accel_auto_cal.o)
    0x20001540   0x00001600   Zero   RW          584    STACK               startup_stm32f40xx.o


==============================================================================

Image component sizes


      Code (inc. data)   RO Data    RW Data    ZI Data      Debug   Object Name

       172         14          0          8          0      28852   board-st_discovery.o
      2636         62         68          0        728      19256   data_builder.o
       928         48          0          0         40       9309   empl_outputs.o
       188          6          0          0          0       1127   gpio.o
      1468         38          0         20        196       7137   hal_outputs.o
      1588         34          0          2          0       5953   i2c.o
     11004       1278        616         56          0     328444   inv_mpu.o
      2688        134       3062          0         16      16761   inv_mpu_dmp_motion_driver.o
       720         18          0          0          0       5372   log_stm32.o
      3220        600          9         22         36       6989   main.o
        36          6          0          4          0       1498   message_layer.o
       176         12          0          0          0       2061   misc.o
      3388        110       1024          0          0      17059   ml_math_func.o
       216         54         47          0          0       4906   mpl.o
       940         18          0          0        136       9739   results_holder.o
       152          6          0          0         84       2334   start_manager.o
        36          8        392          0       5632        864   startup_stm32f40xx.o
       232          8          0          0          0       2563   stm32f4xx_exti.o
       536         38          0          0          0       4613   stm32f4xx_gpio.o
       828         20          0          0          0       8819   stm32f4xx_i2c.o
       108         10          0          8          0       2177   stm32f4xx_it.o
       208         12          0          0          0       2724   stm32f4xx_pwr.o
       976         36          0         16          0      11555   stm32f4xx_rcc.o
       120         18          0          0          0       1803   stm32f4xx_syscfg.o
      2524         52          0          0          0      23150   stm32f4xx_tim.o
       824         24          0          0          0       8268   stm32f4xx_usart.o
       412          4          0          0        408       3514   storage_manager.o
       380         36          0         20          0       2039   system_stm32f4xx.o
       176          8          0          0          0        881   uart.o

    ----------------------------------------------------------------------
     36880       2712       5260        160       7280     539767   Object Totals
         0          0         32          0          0          0   (incl. Generated)
         0          0         10          4          4          0   (incl. Padding)

    ----------------------------------------------------------------------

      Code (inc. data)   RO Data    RW Data    ZI Data      Debug   Library Member Name

      3140        190          0          0       1208       9672   accel_auto_cal.o
      9456        298          0         16       1120      19892   compass_vec_cal.o
      2584         42          0          0        672      13744   fast_no_motion.o
      1712         72          0          0        312       5636   fusion_9axis.o
      1472         48          0          0        184       7614   mag_disturb.o
      2452        130          0          0        108       5637   quaternion_supervisor.o
       856        118         80          0          0        288   acos.o
       280         46          0          0          0        176   acosf.o
       300         42          0          0          0        176   asinf.o
       592         90          0          0          0        184   atan2f.o
       200         20          0          0          0        164   cos.o
       368         46         48          0          0        200   cos_i.o
       336         56          0          0          0        136   cosf.o
       132         36          0          0          0        496   dunder.o
        44          0          0          0          0        248   fabs.o
        48          0          0          0          0        124   fpclassify.o
        38          0          0          0          0        116   fpclassifyf.o
        44         12          0          0          0        464   funder.o
       964         92         56          0          0        316   log.o
       248          0          0          0          0        152   poly.o
         0          0          8          0          0          0   qnan.o
      1080        142        200          0          0        188   rred.o
       340         24         32          0          0        160   rredf.o
       304         24         40          0          0        208   sin_i.o
       400         56          0          0          0        212   sinf.o
       232          0          0          0          0        296   sqrt.o
       120          0          0          0          0        272   sqrtf.o
         0          0          0          0          0          0   entry.o
         0          0          0          0          0          0   entry10a.o
         0          0          0          0          0          0   entry11a.o
         8          4          0          0          0          0   entry2.o
         4          0          0          0          0          0   entry5.o
         0          0          0          0          0          0   entry7b.o
         0          0          0          0          0          0   entry8b.o
         8          4          0          0          0          0   entry9a.o
        12          6          0          4          0         68   errno.o
        30          0          0          0          0          0   handlers.o
        36          8          0          0          0         68   init.o
         0          0          0          0          0          0   iusefp.o
        98          0          0          0          0         84   ldiv.o
        30          0          0          0          0         68   llshl.o
        36          0          0          0          0         68   llsshr.o
        32          0          0          0          0         68   llushr.o
        26          0          0          0          0         80   memcmp.o
        64          0          0          0          0         76   memmovea.o
        36          0          0          0          0        108   memseta.o
      2304         96          0          0          0        600   printfa.o
         0          0          0          4          0          0   stdout.o
        44          0          0          0          0         80   uidiv.o
        98          0          0          0          0         92   uldiv.o
        48          0          0          0          0         68   cdcmple.o
        48          0          0          0          0         68   cdrcmple.o
        56          0          0          0          0         88   d2f.o
       334          0          0          0          0        148   dadd.o
       222          0          0          0          0        100   ddiv.o
       186          0          0          0          0        176   depilogue.o
        62          0          0          0          0         80   dfixi.o
        48          0          0          0          0         68   dfixul.o
        34          0          0          0          0         76   dflti.o
        26          0          0          0          0         76   dfltui.o
       228          0          0          0          0         96   dmul.o
       162          0          0          0          0        100   dsqrt.o
        38          0          0          0          0         68   f2d.o
       110          0          0          0          0        168   fepilogue.o
        66          0          0          0          0         76   ffixl.o
        44          0          0          0          0         92   ffltl.o

    ----------------------------------------------------------------------
     32340       1706        464         24       3608      69779   Library Totals
        20          4          0          0          4          0   (incl. Padding)

    ----------------------------------------------------------------------

      Code (inc. data)   RO Data    RW Data    ZI Data      Debug   Library Name

     20816        780          0         16       3604      62195   libmpllib.lib
      6926        804        464          0          0       4576   m_wm.l
      2866        118          0          8          0       1460   mc_w.l
      1712          0          0          0          0       1548   mf_w.l

    ----------------------------------------------------------------------
     32340       1706        464         24       3608      69779   Library Totals

    ----------------------------------------------------------------------

==============================================================================


      Code (inc. data)   RO Data    RW Data    ZI Data      Debug   

     69220       4418       5724        184      10888     595038   Grand Totals
     69220       4418       5724        184      10888     595038   ELF Image Totals
     69220       4418       5724        184          0          0   ROM Totals

==============================================================================

    Total RO  Size (Code + RO Data)                74944 (  73.19kB)
    Total RW  Size (RW Data + ZI Data)             11072 (  10.81kB)
    Total ROM Size (Code + RO Data + RW Data)      75128 (  73.37kB)

==============================================================================

